Replace Part C1 Capacitor SMD 0805 in C:\Users\Jakub\Desktop\Eurorack-project\8 step sequencer SMT\8 step seq SMT.SchDoc with Capacitor SMD 0805 from Generic components.SchLib
Replace Part C2 Capacitor SMD 0805 in C:\Users\Jakub\Desktop\Eurorack-project\8 step sequencer SMT\8 step seq SMT.SchDoc with Capacitor SMD 0805 from Generic components.SchLib
Replace Part C3 Capacitor SMD 0805 in C:\Users\Jakub\Desktop\Eurorack-project\8 step sequencer SMT\8 step seq SMT.SchDoc with Capacitor SMD 0805 from Generic components.SchLib
Replace Part C4 Capacitor Electr THT 5mm in C:\Users\Jakub\Desktop\Eurorack-project\8 step sequencer SMT\8 step seq SMT.SchDoc with Capacitor Electr THT 5mm from Generic components.SchLib
Replace Part C5 Capacitor SMD 0805 in C:\Users\Jakub\Desktop\Eurorack-project\8 step sequencer SMT\8 step seq SMT.SchDoc with Capacitor SMD 0805 from Generic components.SchLib
Replace Part C6 Capacitor SMD 0805 in C:\Users\Jakub\Desktop\Eurorack-project\8 step sequencer SMT\8 step seq SMT.SchDoc with Capacitor SMD 0805 from Generic components.SchLib
Replace Part C7 Capacitor SMD 0805 in C:\Users\Jakub\Desktop\Eurorack-project\8 step sequencer SMT\8 step seq SMT.SchDoc with Capacitor SMD 0805 from Generic components.SchLib
Replace Part C8 Capacitor Electr THT 5mm in C:\Users\Jakub\Desktop\Eurorack-project\8 step sequencer SMT\8 step seq SMT.SchDoc with Capacitor Electr THT 5mm from Generic components.SchLib
Replace Part C9 Capacitor SMD 0805 in C:\Users\Jakub\Desktop\Eurorack-project\8 step sequencer SMT\8 step seq SMT.SchDoc with Capacitor SMD 0805 from Generic components.SchLib
Replace Part D1 LED THT 3mm in C:\Users\Jakub\Desktop\Eurorack-project\8 step sequencer SMT\8 step seq SMT.SchDoc with LED THT 3mm from Opto.SchLib
Replace Part D2 LED THT 3mm in C:\Users\Jakub\Desktop\Eurorack-project\8 step sequencer SMT\8 step seq SMT.SchDoc with LED THT 3mm from Opto.SchLib
Replace Part D3 LED THT 3mm in C:\Users\Jakub\Desktop\Eurorack-project\8 step sequencer SMT\8 step seq SMT.SchDoc with LED THT 3mm from Opto.SchLib
Replace Part D4 LED THT 3mm in C:\Users\Jakub\Desktop\Eurorack-project\8 step sequencer SMT\8 step seq SMT.SchDoc with LED THT 3mm from Opto.SchLib
Replace Part D5 LED THT 3mm in C:\Users\Jakub\Desktop\Eurorack-project\8 step sequencer SMT\8 step seq SMT.SchDoc with LED THT 3mm from Opto.SchLib
Replace Part D6 LED THT 3mm in C:\Users\Jakub\Desktop\Eurorack-project\8 step sequencer SMT\8 step seq SMT.SchDoc with LED THT 3mm from Opto.SchLib
Replace Part D7 LED THT 3mm in C:\Users\Jakub\Desktop\Eurorack-project\8 step sequencer SMT\8 step seq SMT.SchDoc with LED THT 3mm from Opto.SchLib
Replace Part D8 LED THT 3mm in C:\Users\Jakub\Desktop\Eurorack-project\8 step sequencer SMT\8 step seq SMT.SchDoc with LED THT 3mm from Opto.SchLib
Replace Part D9 1N4148W in C:\Users\Jakub\Desktop\Eurorack-project\8 step sequencer SMT\8 step seq SMT.SchDoc with 1N4148W from Diodes.SchLib
Replace Part D10 1N4148W in C:\Users\Jakub\Desktop\Eurorack-project\8 step sequencer SMT\8 step seq SMT.SchDoc with 1N4148W from Diodes.SchLib
Replace Part D11 1N4148W in C:\Users\Jakub\Desktop\Eurorack-project\8 step sequencer SMT\8 step seq SMT.SchDoc with 1N4148W from Diodes.SchLib
Replace Part D12 1N4148W in C:\Users\Jakub\Desktop\Eurorack-project\8 step sequencer SMT\8 step seq SMT.SchDoc with 1N4148W from Diodes.SchLib
Replace Part D13 1N4148W in C:\Users\Jakub\Desktop\Eurorack-project\8 step sequencer SMT\8 step seq SMT.SchDoc with 1N4148W from Diodes.SchLib
Replace Part D14 1N4148W in C:\Users\Jakub\Desktop\Eurorack-project\8 step sequencer SMT\8 step seq SMT.SchDoc with 1N4148W from Diodes.SchLib
Replace Part D15 1N4148W in C:\Users\Jakub\Desktop\Eurorack-project\8 step sequencer SMT\8 step seq SMT.SchDoc with 1N4148W from Diodes.SchLib
Replace Part D16 1N4148W in C:\Users\Jakub\Desktop\Eurorack-project\8 step sequencer SMT\8 step seq SMT.SchDoc with 1N4148W from Diodes.SchLib
Replace Part D17 1N4148W in C:\Users\Jakub\Desktop\Eurorack-project\8 step sequencer SMT\8 step seq SMT.SchDoc with 1N4148W from Diodes.SchLib
Replace Part D18 1N4148W in C:\Users\Jakub\Desktop\Eurorack-project\8 step sequencer SMT\8 step seq SMT.SchDoc with 1N4148W from Diodes.SchLib
Replace Part D19 1N4148W in C:\Users\Jakub\Desktop\Eurorack-project\8 step sequencer SMT\8 step seq SMT.SchDoc with 1N4148W from Diodes.SchLib
Replace Part D20 1N4148W in C:\Users\Jakub\Desktop\Eurorack-project\8 step sequencer SMT\8 step seq SMT.SchDoc with 1N4148W from Diodes.SchLib
Replace Part D21 1N4148W in C:\Users\Jakub\Desktop\Eurorack-project\8 step sequencer SMT\8 step seq SMT.SchDoc with 1N4148W from Diodes.SchLib
Replace Part D22 1N4148W in C:\Users\Jakub\Desktop\Eurorack-project\8 step sequencer SMT\8 step seq SMT.SchDoc with 1N4148W from Diodes.SchLib
Replace Part D23 1N4148W in C:\Users\Jakub\Desktop\Eurorack-project\8 step sequencer SMT\8 step seq SMT.SchDoc with 1N4148W from Diodes.SchLib
Replace Part D24 1N4148W in C:\Users\Jakub\Desktop\Eurorack-project\8 step sequencer SMT\8 step seq SMT.SchDoc with 1N4148W from Diodes.SchLib
Replace Part D25 1N4148W in C:\Users\Jakub\Desktop\Eurorack-project\8 step sequencer SMT\8 step seq SMT.SchDoc with 1N4148W from Diodes.SchLib
Replace Part D26 1N4148W in C:\Users\Jakub\Desktop\Eurorack-project\8 step sequencer SMT\8 step seq SMT.SchDoc with 1N4148W from Diodes.SchLib
Replace Part D27 1N4148W in C:\Users\Jakub\Desktop\Eurorack-project\8 step sequencer SMT\8 step seq SMT.SchDoc with 1N4148W from Diodes.SchLib
Replace Part D28 1N4148W in C:\Users\Jakub\Desktop\Eurorack-project\8 step sequencer SMT\8 step seq SMT.SchDoc with 1N4148W from Diodes.SchLib
Replace Part D29 1N4148W in C:\Users\Jakub\Desktop\Eurorack-project\8 step sequencer SMT\8 step seq SMT.SchDoc with 1N4148W from Diodes.SchLib
Replace Part D30 Schottky Diode THT in C:\Users\Jakub\Desktop\Eurorack-project\8 step sequencer SMT\8 step seq SMT.SchDoc with Schottky Diode THT from Diodes.SchLib
Replace Part D31 LED SMD in C:\Users\Jakub\Desktop\Eurorack-project\8 step sequencer SMT\8 step seq SMT.SchDoc with LED SMD from Opto.SchLib
Replace Part D32 Schottky Diode THT in C:\Users\Jakub\Desktop\Eurorack-project\8 step sequencer SMT\8 step seq SMT.SchDoc with Schottky Diode THT from Diodes.SchLib
Replace Part J1 PJ301M in C:\Users\Jakub\Desktop\Eurorack-project\8 step sequencer SMT\8 step seq SMT.SchDoc with PJ301M from Connectors.SchLib
Replace Part J2 PJ301M in C:\Users\Jakub\Desktop\Eurorack-project\8 step sequencer SMT\8 step seq SMT.SchDoc with PJ301M from Connectors.SchLib
Replace Part J3 PJ301M in C:\Users\Jakub\Desktop\Eurorack-project\8 step sequencer SMT\8 step seq SMT.SchDoc with PJ301M from Connectors.SchLib
Replace Part J4 PJ301M in C:\Users\Jakub\Desktop\Eurorack-project\8 step sequencer SMT\8 step seq SMT.SchDoc with PJ301M from Connectors.SchLib
Replace Part J5 PJ301M in C:\Users\Jakub\Desktop\Eurorack-project\8 step sequencer SMT\8 step seq SMT.SchDoc with PJ301M from Connectors.SchLib
Replace Part J6 IDC 10 pin in C:\Users\Jakub\Desktop\Eurorack-project\8 step sequencer SMT\8 step seq SMT.SchDoc with IDC 10 pin from Connectors.SchLib
Replace Part P Potentiometer 9 mm in C:\Users\Jakub\Desktop\Eurorack-project\8 step sequencer SMT\8 step seq SMT.SchDoc with Potentiometer 9 mm from Potentiometers.SchLib
Replace Part P1 Potentiometer 9 mm in C:\Users\Jakub\Desktop\Eurorack-project\8 step sequencer SMT\8 step seq SMT.SchDoc with Potentiometer 9 mm from Potentiometers.SchLib
Replace Part P2 Potentiometer 9 mm in C:\Users\Jakub\Desktop\Eurorack-project\8 step sequencer SMT\8 step seq SMT.SchDoc with Potentiometer 9 mm from Potentiometers.SchLib
Replace Part P3 Potentiometer 9 mm in C:\Users\Jakub\Desktop\Eurorack-project\8 step sequencer SMT\8 step seq SMT.SchDoc with Potentiometer 9 mm from Potentiometers.SchLib
Replace Part P4 Potentiometer 9 mm in C:\Users\Jakub\Desktop\Eurorack-project\8 step sequencer SMT\8 step seq SMT.SchDoc with Potentiometer 9 mm from Potentiometers.SchLib
Replace Part P5 Potentiometer 9 mm in C:\Users\Jakub\Desktop\Eurorack-project\8 step sequencer SMT\8 step seq SMT.SchDoc with Potentiometer 9 mm from Potentiometers.SchLib
Replace Part P6 VR A Multiturn THT in C:\Users\Jakub\Desktop\Eurorack-project\8 step sequencer SMT\8 step seq SMT.SchDoc with VR A Multiturn THT from Potentiometers.SchLib
Replace Part P7 Potentiometer 9 mm in C:\Users\Jakub\Desktop\Eurorack-project\8 step sequencer SMT\8 step seq SMT.SchDoc with Potentiometer 9 mm from Potentiometers.SchLib
Replace Part P8 Potentiometer 9 mm in C:\Users\Jakub\Desktop\Eurorack-project\8 step sequencer SMT\8 step seq SMT.SchDoc with Potentiometer 9 mm from Potentiometers.SchLib
Replace Part P9 VR B 9 mm in C:\Users\Jakub\Desktop\Eurorack-project\8 step sequencer SMT\8 step seq SMT.SchDoc with VR B 9 mm from Potentiometers.SchLib
Replace Part P10 VR A Multiturn THT in C:\Users\Jakub\Desktop\Eurorack-project\8 step sequencer SMT\8 step seq SMT.SchDoc with VR A Multiturn THT from Potentiometers.SchLib
Replace Part Q1 BC847 in C:\Users\Jakub\Desktop\Eurorack-project\8 step sequencer SMT\8 step seq SMT.SchDoc with BC847 from Transistors.SchLib
Replace Part Q2 BC847 in C:\Users\Jakub\Desktop\Eurorack-project\8 step sequencer SMT\8 step seq SMT.SchDoc with BC847 from Transistors.SchLib
Replace Part Q3 BC847 in C:\Users\Jakub\Desktop\Eurorack-project\8 step sequencer SMT\8 step seq SMT.SchDoc with BC847 from Transistors.SchLib
Replace Part Q4 BC847 in C:\Users\Jakub\Desktop\Eurorack-project\8 step sequencer SMT\8 step seq SMT.SchDoc with BC847 from Transistors.SchLib
Replace Part Q5 BC847 in C:\Users\Jakub\Desktop\Eurorack-project\8 step sequencer SMT\8 step seq SMT.SchDoc with BC847 from Transistors.SchLib
Replace Part Q6 BC847 in C:\Users\Jakub\Desktop\Eurorack-project\8 step sequencer SMT\8 step seq SMT.SchDoc with BC847 from Transistors.SchLib
Replace Part Q7 BC847 in C:\Users\Jakub\Desktop\Eurorack-project\8 step sequencer SMT\8 step seq SMT.SchDoc with BC847 from Transistors.SchLib
Replace Part Q8 BC847 in C:\Users\Jakub\Desktop\Eurorack-project\8 step sequencer SMT\8 step seq SMT.SchDoc with BC847 from Transistors.SchLib
Replace Part Q9 BC547 in C:\Users\Jakub\Desktop\Eurorack-project\8 step sequencer SMT\8 step seq SMT.SchDoc with BC547 from Transistors.SchLib
Replace Part R1 Resistor SMD 0805 in C:\Users\Jakub\Desktop\Eurorack-project\8 step sequencer SMT\8 step seq SMT.SchDoc with Resistor SMD 0805 from Generic components.SchLib
Replace Part R2 Resistor SMD 0805 in C:\Users\Jakub\Desktop\Eurorack-project\8 step sequencer SMT\8 step seq SMT.SchDoc with Resistor SMD 0805 from Generic components.SchLib
Replace Part R3 Resistor SMD 0805 in C:\Users\Jakub\Desktop\Eurorack-project\8 step sequencer SMT\8 step seq SMT.SchDoc with Resistor SMD 0805 from Generic components.SchLib
Replace Part R4 Resistor SMD 0805 in C:\Users\Jakub\Desktop\Eurorack-project\8 step sequencer SMT\8 step seq SMT.SchDoc with Resistor SMD 0805 from Generic components.SchLib
Replace Part R5 Resistor SMD 0805 in C:\Users\Jakub\Desktop\Eurorack-project\8 step sequencer SMT\8 step seq SMT.SchDoc with Resistor SMD 0805 from Generic components.SchLib
Replace Part R6 Resistor SMD 0805 in C:\Users\Jakub\Desktop\Eurorack-project\8 step sequencer SMT\8 step seq SMT.SchDoc with Resistor SMD 0805 from Generic components.SchLib
Replace Part R7 Resistor SMD 0805 in C:\Users\Jakub\Desktop\Eurorack-project\8 step sequencer SMT\8 step seq SMT.SchDoc with Resistor SMD 0805 from Generic components.SchLib
Replace Part R8 Resistor SMD 0805 in C:\Users\Jakub\Desktop\Eurorack-project\8 step sequencer SMT\8 step seq SMT.SchDoc with Resistor SMD 0805 from Generic components.SchLib
Replace Part R9 Resistor SMD 0805 in C:\Users\Jakub\Desktop\Eurorack-project\8 step sequencer SMT\8 step seq SMT.SchDoc with Resistor SMD 0805 from Generic components.SchLib
Replace Part R10 Resistor SMD 0805 in C:\Users\Jakub\Desktop\Eurorack-project\8 step sequencer SMT\8 step seq SMT.SchDoc with Resistor SMD 0805 from Generic components.SchLib
Replace Part R11 Resistor SMD 0805 in C:\Users\Jakub\Desktop\Eurorack-project\8 step sequencer SMT\8 step seq SMT.SchDoc with Resistor SMD 0805 from Generic components.SchLib
Replace Part R12 Resistor SMD 0805 in C:\Users\Jakub\Desktop\Eurorack-project\8 step sequencer SMT\8 step seq SMT.SchDoc with Resistor SMD 0805 from Generic components.SchLib
Replace Part R13 Resistor SMD 0805 in C:\Users\Jakub\Desktop\Eurorack-project\8 step sequencer SMT\8 step seq SMT.SchDoc with Resistor SMD 0805 from Generic components.SchLib
Replace Part R14 Resistor SMD 0805 in C:\Users\Jakub\Desktop\Eurorack-project\8 step sequencer SMT\8 step seq SMT.SchDoc with Resistor SMD 0805 from Generic components.SchLib
Replace Part R15 Resistor SMD 0805 in C:\Users\Jakub\Desktop\Eurorack-project\8 step sequencer SMT\8 step seq SMT.SchDoc with Resistor SMD 0805 from Generic components.SchLib
Replace Part R16 Resistor SMD 0805 in C:\Users\Jakub\Desktop\Eurorack-project\8 step sequencer SMT\8 step seq SMT.SchDoc with Resistor SMD 0805 from Generic components.SchLib
Replace Part R17 Resistor SMD 0805 in C:\Users\Jakub\Desktop\Eurorack-project\8 step sequencer SMT\8 step seq SMT.SchDoc with Resistor SMD 0805 from Generic components.SchLib
Replace Part R18 Resistor SMD 0805 in C:\Users\Jakub\Desktop\Eurorack-project\8 step sequencer SMT\8 step seq SMT.SchDoc with Resistor SMD 0805 from Generic components.SchLib
Replace Part R19 Resistor SMD 0805 in C:\Users\Jakub\Desktop\Eurorack-project\8 step sequencer SMT\8 step seq SMT.SchDoc with Resistor SMD 0805 from Generic components.SchLib
Replace Part R20 Resistor SMD 0805 in C:\Users\Jakub\Desktop\Eurorack-project\8 step sequencer SMT\8 step seq SMT.SchDoc with Resistor SMD 0805 from Generic components.SchLib
Replace Part R21 Resistor THT in C:\Users\Jakub\Desktop\Eurorack-project\8 step sequencer SMT\8 step seq SMT.SchDoc with Resistor THT from Generic components.SchLib
Replace Part R22 Resistor SMD 0805 in C:\Users\Jakub\Desktop\Eurorack-project\8 step sequencer SMT\8 step seq SMT.SchDoc with Resistor SMD 0805 from Generic components.SchLib
Replace Part R23 Resistor SMD 0805 in C:\Users\Jakub\Desktop\Eurorack-project\8 step sequencer SMT\8 step seq SMT.SchDoc with Resistor SMD 0805 from Generic components.SchLib
Replace Part R24 Resistor SMD 0805 in C:\Users\Jakub\Desktop\Eurorack-project\8 step sequencer SMT\8 step seq SMT.SchDoc with Resistor SMD 0805 from Generic components.SchLib
Replace Part R25 Resistor SMD 0805 in C:\Users\Jakub\Desktop\Eurorack-project\8 step sequencer SMT\8 step seq SMT.SchDoc with Resistor SMD 0805 from Generic components.SchLib
Replace Part R26 Resistor SMD 0805 in C:\Users\Jakub\Desktop\Eurorack-project\8 step sequencer SMT\8 step seq SMT.SchDoc with Resistor SMD 0805 from Generic components.SchLib
Replace Part R27 Resistor SMD 0805 in C:\Users\Jakub\Desktop\Eurorack-project\8 step sequencer SMT\8 step seq SMT.SchDoc with Resistor SMD 0805 from Generic components.SchLib
Replace Part R28 Resistor SMD 0805 in C:\Users\Jakub\Desktop\Eurorack-project\8 step sequencer SMT\8 step seq SMT.SchDoc with Resistor SMD 0805 from Generic components.SchLib
Replace Part R29 Resistor SMD 0805 in C:\Users\Jakub\Desktop\Eurorack-project\8 step sequencer SMT\8 step seq SMT.SchDoc with Resistor SMD 0805 from Generic components.SchLib
Replace Part R30 Resistor SMD 0805 in C:\Users\Jakub\Desktop\Eurorack-project\8 step sequencer SMT\8 step seq SMT.SchDoc with Resistor SMD 0805 from Generic components.SchLib
Replace Part R31 Resistor SMD 0805 in C:\Users\Jakub\Desktop\Eurorack-project\8 step sequencer SMT\8 step seq SMT.SchDoc with Resistor SMD 0805 from Generic components.SchLib
Replace Part R32 Resistor SMD 0805 in C:\Users\Jakub\Desktop\Eurorack-project\8 step sequencer SMT\8 step seq SMT.SchDoc with Resistor SMD 0805 from Generic components.SchLib
Replace Part R33 Resistor SMD 0805 in C:\Users\Jakub\Desktop\Eurorack-project\8 step sequencer SMT\8 step seq SMT.SchDoc with Resistor SMD 0805 from Generic components.SchLib
Replace Part R34 Resistor SMD 0805 in C:\Users\Jakub\Desktop\Eurorack-project\8 step sequencer SMT\8 step seq SMT.SchDoc with Resistor SMD 0805 from Generic components.SchLib
Replace Part R35 Resistor SMD 0805 in C:\Users\Jakub\Desktop\Eurorack-project\8 step sequencer SMT\8 step seq SMT.SchDoc with Resistor SMD 0805 from Generic components.SchLib
Replace Part R36 Resistor SMD 0805 in C:\Users\Jakub\Desktop\Eurorack-project\8 step sequencer SMT\8 step seq SMT.SchDoc with Resistor SMD 0805 from Generic components.SchLib
Replace Part S1 MTS-102 in C:\Users\Jakub\Desktop\Eurorack-project\8 step sequencer SMT\8 step seq SMT.SchDoc with MTS-102 from Switches.SchLib
Replace Part S2 MTS-102 in C:\Users\Jakub\Desktop\Eurorack-project\8 step sequencer SMT\8 step seq SMT.SchDoc with MTS-102 from Switches.SchLib
Replace Part S3 MTS-102 in C:\Users\Jakub\Desktop\Eurorack-project\8 step sequencer SMT\8 step seq SMT.SchDoc with MTS-102 from Switches.SchLib
Replace Part S4 MTS-102 in C:\Users\Jakub\Desktop\Eurorack-project\8 step sequencer SMT\8 step seq SMT.SchDoc with MTS-102 from Switches.SchLib
Replace Part S5 MTS-102 in C:\Users\Jakub\Desktop\Eurorack-project\8 step sequencer SMT\8 step seq SMT.SchDoc with MTS-102 from Switches.SchLib
Replace Part S6 MTS-102 in C:\Users\Jakub\Desktop\Eurorack-project\8 step sequencer SMT\8 step seq SMT.SchDoc with MTS-102 from Switches.SchLib
Replace Part S7 MTS-102 in C:\Users\Jakub\Desktop\Eurorack-project\8 step sequencer SMT\8 step seq SMT.SchDoc with MTS-102 from Switches.SchLib
Replace Part S8 MTS-102 in C:\Users\Jakub\Desktop\Eurorack-project\8 step sequencer SMT\8 step seq SMT.SchDoc with MTS-102 from Switches.SchLib
Replace Part S9 MTS-102 in C:\Users\Jakub\Desktop\Eurorack-project\8 step sequencer SMT\8 step seq SMT.SchDoc with MTS-102 from Switches.SchLib
Replace Part S10 MTS-202 in C:\Users\Jakub\Desktop\Eurorack-project\8 step sequencer SMT\8 step seq SMT.SchDoc with MTS-202 from Switches.SchLib
Replace Part S11 MTS-102 in C:\Users\Jakub\Desktop\Eurorack-project\8 step sequencer SMT\8 step seq SMT.SchDoc with MTS-102 from Switches.SchLib
Replace Part U1 TL074CDR SOIC14 in C:\Users\Jakub\Desktop\Eurorack-project\8 step sequencer SMT\8 step seq SMT.SchDoc with TL074CDR SOIC14 from OpAmps.SchLib
Replace Part U1 TL074CDR SOIC14 in C:\Users\Jakub\Desktop\Eurorack-project\8 step sequencer SMT\8 step seq SMT.SchDoc with TL074CDR SOIC14 from OpAmps.SchLib
Replace Part U1 TL074CDR SOIC14 in C:\Users\Jakub\Desktop\Eurorack-project\8 step sequencer SMT\8 step seq SMT.SchDoc with TL074CDR SOIC14 from OpAmps.SchLib
Replace Part U1 TL074CDR SOIC14 in C:\Users\Jakub\Desktop\Eurorack-project\8 step sequencer SMT\8 step seq SMT.SchDoc with TL074CDR SOIC14 from OpAmps.SchLib
Replace Part U1 TL074CDR SOIC14 in C:\Users\Jakub\Desktop\Eurorack-project\8 step sequencer SMT\8 step seq SMT.SchDoc with TL074CDR SOIC14 from OpAmps.SchLib
Replace Part U2 CD4017BE DIP-16 in C:\Users\Jakub\Desktop\Eurorack-project\8 step sequencer SMT\8 step seq SMT.SchDoc with CD4017BE DIP-16 from ICs.SchLib
