Removed Pin From Net: NetName=GND Pin=C2-1
Removed Pin From Net: NetName=NetC2_2 Pin=C2-2
Removed Pin From Net: NetName=NetC2_2 Pin=D1-2
Removed Pin From Net: NetName=GND Pin=J1-1
Removed Pin From Net: NetName=SAW out Pin=J1-3
Removed Pin From Net: NetName=TRI out Pin=J2-3
Removed Pin From Net: NetName=PWM CV Pin=J5-3
Removed Pin From Net: NetName=PULSE out Pin=J6-3
Removed Pin From Net: NetName=+12 V Pin=P4-1
Removed Pin From Net: NetName=-12 V Pin=P4-3
Removed Pin From Net: NetName=NetP5_3 Pin=P5-3
Removed Pin From Net: NetName=PWM CV Pin=P6-2
Removed Pin From Net: NetName=SAW out Pin=R1-2
Removed Pin From Net: NetName=GND Pin=R3-2
Removed Pin From Net: NetName=NetP1_2 Pin=R4-2
Removed Pin From Net: NetName=GND Pin=R6-2
Removed Pin From Net: NetName=-12 V Pin=R7-1
Removed Pin From Net: NetName=NetP1_1 Pin=R7-2
Removed Pin From Net: NetName=+12 V Pin=R8-1
Removed Pin From Net: NetName=NetQ1_2 Pin=R8-2
Removed Pin From Net: NetName=NetP2_2 Pin=R9-2
Removed Pin From Net: NetName=NetP5_3 Pin=R11-1
Removed Pin From Net: NetName=NetP3_1 Pin=R11-2
Removed Pin From Net: NetName=TRI out Pin=R13-2
Removed Pin From Net: NetName=-12 V Pin=R14-1
Removed Pin From Net: NetName=NetP2_1 Pin=R14-2
Removed Pin From Net: NetName=-12 V Pin=R15-2
Removed Pin From Net: NetName=NetP4_2 Pin=R17-1
Removed Pin From Net: NetName=1V/OCT Pin=R18-2
Removed Pin From Net: NetName=FM CV Pin=R19-2
Removed Pin From Net: NetName=PULSE out Pin=R22-2
Removed Pin From Net: NetName=GND Pin=R23-1
Removed Pin From Net: NetName=GND Pin=R24-1
Removed Pin From Net: NetName=GND Pin=R26-1
Removed Pin From Net: NetName=NetR26_2 Pin=R27-1
Removed Pin From Net: NetName=NetR13_1 Pin=R27-2
Removed Pin From Net: NetName=GND Pin=U1-3
Removed Pin From Net: NetName=GND Pin=U1-5
Removed Pin From Net: NetName=NetR20_1 Pin=U2-8
Removed Pin From Net: NetName=GND Pin=U3-5
Removed Pin From Net: NetName=NetR13_1 Pin=U3-8
Removed Pin From Net: NetName=NetR26_2 Pin=U3-9
Removed Pin From Net: NetName=NetP5_2 Pin=VR4-2
Change Component Footprint: Designator=P5 Old Footprint=9 mm PCB Potentiometer New Footprint=Alpha 9mm mono
Change Component Footprint: Designator=C5 Old Footprint=Cap THT 5mm New Footprint=Cap SMD 0805
Change Component Footprint: Designator=C6 Old Footprint=Cap THT 5mm New Footprint=Cap SMD 0805
Change Component Footprint: Designator=C7 Old Footprint=Cap THT 5mm New Footprint=Cap SMD 0805
Change Component Footprint: Designator=C8 Old Footprint=Cap THT 5mm New Footprint=Cap SMD 0805
Change Component Footprint: Designator=C9 Old Footprint=Cap THT 5mm New Footprint=Cap SMD 0805
Change Component Footprint: Designator=C10 Old Footprint=Cap THT 5mm New Footprint=Cap SMD 0805
Change Component Footprint: Designator=C12 Old Footprint=Cap THT 5mm New Footprint=Cap SMD 0805
Change Component Footprint: Designator=R2 Old Footprint=Resistor THT vertical New Footprint=Resistor SMD 0805
Change Component Footprint: Designator=R3 Old Footprint=Resistor THT vertical New Footprint=Resistor SMD 0805
Change Component Footprint: Designator=R4 Old Footprint=Resistor THT vertical New Footprint=Resistor SMD 0805
Change Component Footprint: Designator=R5 Old Footprint=Resistor THT vertical New Footprint=Resistor SMD 0805
Change Component Footprint: Designator=R6 Old Footprint=Resistor THT vertical New Footprint=Resistor SMD 0805
Change Component Footprint: Designator=R7 Old Footprint=Resistor THT vertical New Footprint=Resistor SMD 0805
Change Component Footprint: Designator=R8 Old Footprint=Resistor THT vertical New Footprint=Resistor SMD 0805
Change Component Footprint: Designator=R9 Old Footprint=Resistor THT vertical New Footprint=Resistor SMD 0805
Change Component Footprint: Designator=R10 Old Footprint=Resistor THT vertical New Footprint=Resistor SMD 0805
Change Component Footprint: Designator=R11 Old Footprint=Resistor THT vertical New Footprint=Resistor SMD 0805
Change Component Footprint: Designator=R12 Old Footprint=Resistor THT vertical New Footprint=Resistor SMD 0805
Change Component Footprint: Designator=R13 Old Footprint=Resistor THT vertical New Footprint=Resistor SMD 0805
Change Component Footprint: Designator=R14 Old Footprint=Resistor THT vertical New Footprint=Resistor SMD 0805
Change Component Footprint: Designator=R15 Old Footprint=Resistor THT vertical New Footprint=Resistor SMD 0805
Change Component Footprint: Designator=R16 Old Footprint=Resistor THT vertical New Footprint=Resistor SMD 0805
Change Component Footprint: Designator=R17 Old Footprint=Resistor THT vertical New Footprint=Resistor SMD 0805
Change Component Footprint: Designator=R18 Old Footprint=Resistor THT vertical New Footprint=Resistor SMD 0805
Change Component Footprint: Designator=R19 Old Footprint=Resistor THT vertical New Footprint=Resistor SMD 0805
Change Component Footprint: Designator=R20 Old Footprint=Resistor THT vertical New Footprint=Resistor SMD 0805
Change Component Footprint: Designator=R21 Old Footprint=Resistor THT vertical New Footprint=Resistor SMD 0805
Change Component Footprint: Designator=R22 Old Footprint=Resistor THT vertical New Footprint=Resistor SMD 0805
Change Component Footprint: Designator=R23 Old Footprint=Resistor THT vertical New Footprint=Resistor SMD 0805
Change Component Footprint: Designator=R24 Old Footprint=Resistor THT vertical New Footprint=Resistor SMD 0805
Change Component Footprint: Designator=R26 Old Footprint=Resistor THT vertical New Footprint=Resistor SMD 0805
Change Component Footprint: Designator=R27 Old Footprint=Resistor THT vertical New Footprint=Resistor SMD 0805
Change Component Comment : Designator=P4 Old Comment=Mono Pot New Comment=VR
Change Component Comment : Designator=P5 Old Comment=VR New Comment=Mono Pot
Change Component Comment : Designator=P6 Old Comment=VR New Comment=Mono Pot
Change Component Designator: OldDesignator=C4 NewDesignator=C1
Change Component Designator: OldDesignator=C5 NewDesignator=C2
Change Component Designator: OldDesignator=C6 NewDesignator=C3
Change Component Designator: OldDesignator=C7 NewDesignator=C4
Change Component Designator: OldDesignator=C8 NewDesignator=C6
Change Component Designator: OldDesignator=C9 NewDesignator=C7
Change Component Designator: OldDesignator=C10 NewDesignator=C8
Change Component Designator: OldDesignator=C11 NewDesignator=C10
Change Component Designator: OldDesignator=C12 NewDesignator=C11
Change Component Designator: OldDesignator=D4 NewDesignator=D1
Change Component Designator: OldDesignator=D5 NewDesignator=D2
Change Component Designator: OldDesignator=D6 NewDesignator=D3
Change Component Designator: OldDesignator=J7 NewDesignator=J1
Change Component Designator: OldDesignator=R25 NewDesignator=R1
Change component parameters: Designator = "C5" ("C2"); Footprint = "Cap THT 5mm"; UniqueID = "\WHPIBWYW" ("\WHPIBWYW")
Change component parameters (AddParameter): Name = "Package Type"; Value = "SMD"; VariantName = "[No Variations]"
Change component parameters (AddParameter): Name = "Tolerance"; Value = ""; VariantName = "[No Variations]"
Change component parameters (AddParameter): Name = "Value"; Value = "100nF"; VariantName = "[No Variations]"
Change component parameters (AddParameter): Name = "Voltage rating"; Value = ""; VariantName = "[No Variations]"
Change component parameters: Designator = "C6" ("C3"); Footprint = "Cap THT 5mm"; UniqueID = "\WNMJYNFV" ("\WNMJYNFV")
Change component parameters (AddParameter): Name = "Package Type"; Value = "SMD"; VariantName = "[No Variations]"
Change component parameters (AddParameter): Name = "Tolerance"; Value = ""; VariantName = "[No Variations]"
Change component parameters (AddParameter): Name = "Value"; Value = "100nF"; VariantName = "[No Variations]"
Change component parameters (AddParameter): Name = "Voltage rating"; Value = ""; VariantName = "[No Variations]"
Change component parameters: Designator = "C7" ("C4"); Footprint = "Cap THT 5mm"; UniqueID = "\KMZFAGDW" ("\KMZFAGDW")
Change component parameters (AddParameter): Name = "Package Type"; Value = "SMD"; VariantName = "[No Variations]"
Change component parameters (AddParameter): Name = "Tolerance"; Value = ""; VariantName = "[No Variations]"
Change component parameters (AddParameter): Name = "Value"; Value = "100nF"; VariantName = "[No Variations]"
Change component parameters (AddParameter): Name = "Voltage rating"; Value = ""; VariantName = "[No Variations]"
Change component parameters: Designator = "C8" ("C6"); Footprint = "Cap THT 5mm"; UniqueID = "\IQYWGVKG" ("\IQYWGVKG")
Change component parameters (AddParameter): Name = "Package Type"; Value = "SMD"; VariantName = "[No Variations]"
Change component parameters (AddParameter): Name = "Tolerance"; Value = ""; VariantName = "[No Variations]"
Change component parameters (AddParameter): Name = "Value"; Value = "100nF"; VariantName = "[No Variations]"
Change component parameters (AddParameter): Name = "Voltage rating"; Value = ""; VariantName = "[No Variations]"
Change component parameters: Designator = "C9" ("C7"); Footprint = "Cap THT 5mm"; UniqueID = "\NWYIVMWZ" ("\NWYIVMWZ")
Change component parameters (AddParameter): Name = "Package Type"; Value = "SMD"; VariantName = "[No Variations]"
Change component parameters (AddParameter): Name = "Tolerance"; Value = ""; VariantName = "[No Variations]"
Change component parameters (AddParameter): Name = "Value"; Value = "100nF"; VariantName = "[No Variations]"
Change component parameters (AddParameter): Name = "Voltage rating"; Value = ""; VariantName = "[No Variations]"
Change component parameters: Designator = "C10" ("C8"); Footprint = "Cap THT 5mm"; UniqueID = "\KSEJPIKL" ("\KSEJPIKL")
Change component parameters (AddParameter): Name = "Package Type"; Value = "SMD"; VariantName = "[No Variations]"
Change component parameters (AddParameter): Name = "Tolerance"; Value = ""; VariantName = "[No Variations]"
Change component parameters (AddParameter): Name = "Value"; Value = "100nF"; VariantName = "[No Variations]"
Change component parameters (AddParameter): Name = "Voltage rating"; Value = ""; VariantName = "[No Variations]"
Change component parameters: Designator = "C12" ("C11"); Footprint = "Cap THT 5mm"; UniqueID = "\ZRWKRUTQ" ("\ZRWKRUTQ")
Change component parameters (AddParameter): Name = "Package Type"; Value = "SMD"; VariantName = "[No Variations]"
Change component parameters (AddParameter): Name = "Tolerance"; Value = ""; VariantName = "[No Variations]"
Change component parameters (AddParameter): Name = "Value"; Value = "100nF"; VariantName = "[No Variations]"
Change component parameters (AddParameter): Name = "Voltage rating"; Value = ""; VariantName = "[No Variations]"
Change component parameters: Designator = "J2" ("J2"); Footprint = "PJ301M"; UniqueID = "\LUHREQAC" ("\LUHREQAC")
Change component parameters (AddParameter): Name = "Label"; Value = "SAW OUT"; VariantName = "[No Variations]"
Change component parameters (AddParameter): Name = "Manufacturer"; Value = ""; VariantName = "[No Variations]"
Change component parameters (AddParameter): Name = "Package Type"; Value = "THT"; VariantName = "[No Variations]"
Change component parameters: Designator = "J5" ("J5"); Footprint = "PJ301M"; UniqueID = "\VHUSEHCW" ("\VHUSEHCW")
Change component parameters (AddParameter): Name = "Label"; Value = "CV 1V/OCT"; VariantName = "[No Variations]"
Change component parameters (AddParameter): Name = "Manufacturer"; Value = ""; VariantName = "[No Variations]"
Change component parameters (AddParameter): Name = "Package Type"; Value = "THT"; VariantName = "[No Variations]"
Change component parameters: Designator = "J6" ("J6"); Footprint = "PJ301M"; UniqueID = "\YSLSWPWJ" ("\YSLSWPWJ")
Change component parameters (AddParameter): Name = "Label"; Value = "FM CV"; VariantName = "[No Variations]"
Change component parameters (AddParameter): Name = "Manufacturer"; Value = ""; VariantName = "[No Variations]"
Change component parameters (AddParameter): Name = "Package Type"; Value = "THT"; VariantName = "[No Variations]"
Change component parameters: Designator = "P4" ("P4"); Footprint = "9 mm PCB Potentiometer"; UniqueID = "\LYEOPAZA" ("\LYEOPAZA")
Change component parameters (AddParameter): Name = "Package Type"; Value = "THT"; VariantName = "[No Variations]"
Change component parameters (AddParameter): Name = "Parameter"; Value = "FM CV LVL"; VariantName = "[No Variations]"
Change component parameters (AddParameter): Name = "Taper"; Value = ""; VariantName = "[No Variations]"
Change component parameters (AddParameter): Name = "Type"; Value = "Potentiometer"; VariantName = "[No Variations]"
Change component parameters (AddParameter): Name = "Value"; Value = "B1Meg"; VariantName = "[No Variations]"
Change component parameters: Designator = "P5" ("P5"); Footprint = "9 mm PCB Potentiometer"; UniqueID = "\NSBUTCSQ" ("\NSBUTCSQ")
Change component parameters (AddParameter): Name = "Package Type"; Value = "THT"; VariantName = "[No Variations]"
Change component parameters (AddParameter): Name = "Parameter"; Value = "F COARSE"; VariantName = "[No Variations]"
Change component parameters (AddParameter): Name = "Taper"; Value = ""; VariantName = "[No Variations]"
Change component parameters (AddParameter): Name = "Type"; Value = "Potentiometer"; VariantName = "[No Variations]"
Change component parameters (AddParameter): Name = "Value"; Value = "B100k"; VariantName = "[No Variations]"
Change component parameters: Designator = "P6" ("P6"); Footprint = "9 mm PCB Potentiometer"; UniqueID = "\MHUWKXOJ" ("\MHUWKXOJ")
Change component parameters (AddParameter): Name = "Package Type"; Value = "THT"; VariantName = "[No Variations]"
Change component parameters (AddParameter): Name = "Parameter"; Value = "F FINE"; VariantName = "[No Variations]"
Change component parameters (AddParameter): Name = "Taper"; Value = ""; VariantName = "[No Variations]"
Change component parameters (AddParameter): Name = "Type"; Value = "Potentiometer"; VariantName = "[No Variations]"
Change component parameters (AddParameter): Name = "Value"; Value = "B100k"; VariantName = "[No Variations]"
Change component parameters: Designator = "R2" ("R2"); Footprint = "Resistor THT vertical"; UniqueID = "\LIXKQUVA" ("\LIXKQUVA")
Change component parameters (AddParameter): Name = "Package Type"; Value = "SMD"; VariantName = "[No Variations]"
Change component parameters (AddParameter): Name = "Tolerance"; Value = ""; VariantName = "[No Variations]"
Change component parameters (AddParameter): Name = "Value"; Value = "100k"; VariantName = "[No Variations]"
Change component parameters: Designator = "R3" ("R3"); Footprint = "Resistor THT vertical"; UniqueID = "\EUXGYPJG" ("\EUXGYPJG")
Change component parameters (AddParameter): Name = "Package Type"; Value = "SMD"; VariantName = "[No Variations]"
Change component parameters (AddParameter): Name = "Tolerance"; Value = ""; VariantName = "[No Variations]"
Change component parameters (AddParameter): Name = "Value"; Value = "100k"; VariantName = "[No Variations]"
Change component parameters: Designator = "R4" ("R4"); Footprint = "Resistor THT vertical"; UniqueID = "\GNWAVZWY" ("\GNWAVZWY")
Change component parameters (AddParameter): Name = "Package Type"; Value = "SMD"; VariantName = "[No Variations]"
Change component parameters (AddParameter): Name = "Tolerance"; Value = ""; VariantName = "[No Variations]"
Change component parameters (AddParameter): Name = "Value"; Value = "33k"; VariantName = "[No Variations]"
Change component parameters: Designator = "R5" ("R5"); Footprint = "Resistor THT vertical"; UniqueID = "\NBDQMEUV" ("\NBDQMEUV")
Change component parameters (AddParameter): Name = "Package Type"; Value = "SMD"; VariantName = "[No Variations]"
Change component parameters (AddParameter): Name = "Tolerance"; Value = ""; VariantName = "[No Variations]"
Change component parameters (AddParameter): Name = "Value"; Value = "1Meg"; VariantName = "[No Variations]"
Change component parameters: Designator = "R6" ("R6"); Footprint = "Resistor THT vertical"; UniqueID = "\OIQHFQEE" ("\OIQHFQEE")
Change component parameters (AddParameter): Name = "Package Type"; Value = "SMD"; VariantName = "[No Variations]"
Change component parameters (AddParameter): Name = "Tolerance"; Value = ""; VariantName = "[No Variations]"
Change component parameters (AddParameter): Name = "Value"; Value = "1Meg"; VariantName = "[No Variations]"
Change component parameters: Designator = "R7" ("R7"); Footprint = "Resistor THT vertical"; UniqueID = "\DSWEYOMI" ("\DSWEYOMI")
Change component parameters (AddParameter): Name = "Package Type"; Value = "SMD"; VariantName = "[No Variations]"
Change component parameters (AddParameter): Name = "Tolerance"; Value = ""; VariantName = "[No Variations]"
Change component parameters (AddParameter): Name = "Value"; Value = "1k"; VariantName = "[No Variations]"
Change component parameters: Designator = "R8" ("R8"); Footprint = "Resistor THT vertical"; UniqueID = "\UWILKHFC" ("\UWILKHFC")
Change component parameters (AddParameter): Name = "Package Type"; Value = "SMD"; VariantName = "[No Variations]"
Change component parameters (AddParameter): Name = "Tolerance"; Value = ""; VariantName = "[No Variations]"
Change component parameters (AddParameter): Name = "Value"; Value = "1k5"; VariantName = "[No Variations]"
Change component parameters: Designator = "R9" ("R9"); Footprint = "Resistor THT vertical"; UniqueID = "\HHHLPCHB" ("\HHHLPCHB")
Change component parameters (AddParameter): Name = "Package Type"; Value = "SMD"; VariantName = "[No Variations]"
Change component parameters (AddParameter): Name = "Tolerance"; Value = ""; VariantName = "[No Variations]"
Change component parameters (AddParameter): Name = "Value"; Value = "100k"; VariantName = "[No Variations]"
Change component parameters: Designator = "R10" ("R10"); Footprint = "Resistor THT vertical"; UniqueID = "\QGEXTRCO" ("\QGEXTRCO")
Change component parameters (AddParameter): Name = "Package Type"; Value = "SMD"; VariantName = "[No Variations]"
Change component parameters (AddParameter): Name = "Tolerance"; Value = ""; VariantName = "[No Variations]"
Change component parameters (AddParameter): Name = "Value"; Value = "100k"; VariantName = "[No Variations]"
Change component parameters: Designator = "R11" ("R11"); Footprint = "Resistor THT vertical"; UniqueID = "\PHGRCMYE" ("\PHGRCMYE")
Change component parameters (AddParameter): Name = "Package Type"; Value = "SMD"; VariantName = "[No Variations]"
Change component parameters (AddParameter): Name = "Tolerance"; Value = ""; VariantName = "[No Variations]"
Change component parameters (AddParameter): Name = "Value"; Value = "100k"; VariantName = "[No Variations]"
Change component parameters: Designator = "R12" ("R12"); Footprint = "Resistor THT vertical"; UniqueID = "\ODGLPYPL" ("\ODGLPYPL")
Change component parameters (AddParameter): Name = "Package Type"; Value = "SMD"; VariantName = "[No Variations]"
Change component parameters (AddParameter): Name = "Tolerance"; Value = ""; VariantName = "[No Variations]"
Change component parameters (AddParameter): Name = "Value"; Value = "47k"; VariantName = "[No Variations]"
Change component parameters: Designator = "R13" ("R13"); Footprint = "Resistor THT vertical"; UniqueID = "\LUQHPUTD" ("\LUQHPUTD")
Change component parameters (AddParameter): Name = "Package Type"; Value = "SMD"; VariantName = "[No Variations]"
Change component parameters (AddParameter): Name = "Tolerance"; Value = ""; VariantName = "[No Variations]"
Change component parameters (AddParameter): Name = "Value"; Value = "100k"; VariantName = "[No Variations]"
Change component parameters: Designator = "R14" ("R14"); Footprint = "Resistor THT vertical"; UniqueID = "\KEWVQJMM" ("\KEWVQJMM")
Change component parameters (AddParameter): Name = "Package Type"; Value = "SMD"; VariantName = "[No Variations]"
Change component parameters (AddParameter): Name = "Tolerance"; Value = ""; VariantName = "[No Variations]"
Change component parameters (AddParameter): Name = "Value"; Value = "100k"; VariantName = "[No Variations]"
Change component parameters: Designator = "R15" ("R15"); Footprint = "Resistor THT vertical"; UniqueID = "\JFMTFNHL" ("\JFMTFNHL")
Change component parameters (AddParameter): Name = "Package Type"; Value = "SMD"; VariantName = "[No Variations]"
Change component parameters (AddParameter): Name = "Tolerance"; Value = ""; VariantName = "[No Variations]"
Change component parameters (AddParameter): Name = "Value"; Value = "100k"; VariantName = "[No Variations]"
Change component parameters: Designator = "R16" ("R16"); Footprint = "Resistor THT vertical"; UniqueID = "\DTTVGIDW" ("\DTTVGIDW")
Change component parameters (AddParameter): Name = "Package Type"; Value = "SMD"; VariantName = "[No Variations]"
Change component parameters (AddParameter): Name = "Tolerance"; Value = ""; VariantName = "[No Variations]"
Change component parameters (AddParameter): Name = "Value"; Value = "100k"; VariantName = "[No Variations]"
Change component parameters: Designator = "R17" ("R17"); Footprint = "Resistor THT vertical"; UniqueID = "\RPTZXUYT" ("\RPTZXUYT")
Change component parameters (AddParameter): Name = "Package Type"; Value = "SMD"; VariantName = "[No Variations]"
Change component parameters (AddParameter): Name = "Tolerance"; Value = ""; VariantName = "[No Variations]"
Change component parameters (AddParameter): Name = "Value"; Value = "100k"; VariantName = "[No Variations]"
Change component parameters: Designator = "R18" ("R18"); Footprint = "Resistor THT vertical"; UniqueID = "\GUQKHBTZ" ("\GUQKHBTZ")
Change component parameters (AddParameter): Name = "Package Type"; Value = "SMD"; VariantName = "[No Variations]"
Change component parameters (AddParameter): Name = "Tolerance"; Value = ""; VariantName = "[No Variations]"
Change component parameters (AddParameter): Name = "Value"; Value = ""; VariantName = "[No Variations]"
Change component parameters: Designator = "R19" ("R19"); Footprint = "Resistor THT vertical"; UniqueID = "\VBZKYKAC" ("\VBZKYKAC")
Change component parameters (AddParameter): Name = "Package Type"; Value = "SMD"; VariantName = "[No Variations]"
Change component parameters (AddParameter): Name = "Tolerance"; Value = ""; VariantName = "[No Variations]"
Change component parameters (AddParameter): Name = "Value"; Value = "1Meg"; VariantName = "[No Variations]"
Change component parameters: Designator = "R20" ("R20"); Footprint = "Resistor THT vertical"; UniqueID = "\JUKTYQCX" ("\JUKTYQCX")
Change component parameters (AddParameter): Name = "Package Type"; Value = "SMD"; VariantName = "[No Variations]"
Change component parameters (AddParameter): Name = "Tolerance"; Value = ""; VariantName = "[No Variations]"
Change component parameters (AddParameter): Name = "Value"; Value = "1Meg"; VariantName = "[No Variations]"
Change component parameters: Designator = "R21" ("R21"); Footprint = "Resistor THT vertical"; UniqueID = "\EECQABYL" ("\EECQABYL")
Change component parameters (AddParameter): Name = "Package Type"; Value = "SMD"; VariantName = "[No Variations]"
Change component parameters (AddParameter): Name = "Tolerance"; Value = ""; VariantName = "[No Variations]"
Change component parameters (AddParameter): Name = "Value"; Value = "1k5"; VariantName = "[No Variations]"
Change component parameters: Designator = "R22" ("R22"); Footprint = "Resistor THT vertical"; UniqueID = "\DJHXKOCH" ("\DJHXKOCH")
Change component parameters (AddParameter): Name = "Package Type"; Value = "SMD"; VariantName = "[No Variations]"
Change component parameters (AddParameter): Name = "Tolerance"; Value = ""; VariantName = "[No Variations]"
Change component parameters (AddParameter): Name = "Value"; Value = "100k"; VariantName = "[No Variations]"
Change component parameters: Designator = "R23" ("R23"); Footprint = "Resistor THT vertical"; UniqueID = "\IFVWKCRI" ("\IFVWKCRI")
Change component parameters (AddParameter): Name = "Package Type"; Value = "SMD"; VariantName = "[No Variations]"
Change component parameters (AddParameter): Name = "Tolerance"; Value = ""; VariantName = "[No Variations]"
Change component parameters (AddParameter): Name = "Value"; Value = "100k"; VariantName = "[No Variations]"
Change component parameters: Designator = "R24" ("R24"); Footprint = "Resistor THT vertical"; UniqueID = "\LEUEPJYK" ("\LEUEPJYK")
Change component parameters (AddParameter): Name = "Package Type"; Value = "SMD"; VariantName = "[No Variations]"
Change component parameters (AddParameter): Name = "Tolerance"; Value = ""; VariantName = "[No Variations]"
Change component parameters (AddParameter): Name = "Value"; Value = "100k"; VariantName = "[No Variations]"
Change component parameters: Designator = "R26" ("R26"); Footprint = "Resistor THT vertical"; UniqueID = "\ZIWGNONM" ("\ZIWGNONM")
Change component parameters (AddParameter): Name = "Package Type"; Value = "SMD"; VariantName = "[No Variations]"
Change component parameters (AddParameter): Name = "Tolerance"; Value = ""; VariantName = "[No Variations]"
Change component parameters (AddParameter): Name = "Value"; Value = "100k"; VariantName = "[No Variations]"
Change component parameters: Designator = "R27" ("R27"); Footprint = "Resistor THT vertical"; UniqueID = "\BDHZQIMO" ("\BDHZQIMO")
Change component parameters (AddParameter): Name = "Package Type"; Value = "SMD"; VariantName = "[No Variations]"
Change component parameters (AddParameter): Name = "Tolerance"; Value = ""; VariantName = "[No Variations]"
Change component parameters (AddParameter): Name = "Value"; Value = "68k"; VariantName = "[No Variations]"
Added Component: Designator=C5(Cap SMD 0805)
Add component (AddParameter): Name = "Package Type"; Value = "SMD"; VariantName = "[No Variations]"
Add component (AddParameter): Name = "Tolerance"; Value = ""; VariantName = "[No Variations]"
Add component (AddParameter): Name = "Value"; Value = "100nF"; VariantName = "[No Variations]"
Add component (AddParameter): Name = "Voltage rating"; Value = ""; VariantName = "[No Variations]"
Added Component: Designator=C9(Cap SMD 0805)
Add component (AddParameter): Name = "Package Type"; Value = "SMD"; VariantName = "[No Variations]"
Add component (AddParameter): Name = "Tolerance"; Value = ""; VariantName = "[No Variations]"
Add component (AddParameter): Name = "Value"; Value = "100nF"; VariantName = "[No Variations]"
Add component (AddParameter): Name = "Voltage rating"; Value = ""; VariantName = "[No Variations]"
Added Component: Designator=C12(Cap THT 5mm)
Add component (AddParameter): Name = "Package Type"; Value = "THT"; VariantName = "[No Variations]"
Add component (AddParameter): Name = "Tolerance"; Value = ""; VariantName = "[No Variations]"
Add component (AddParameter): Name = "Value"; Value = "1uF"; VariantName = "[No Variations]"
Add component (AddParameter): Name = "Voltage rating"; Value = ""; VariantName = "[No Variations]"
Added Component: Designator=C13(Cap THT 5mm)
Add component (AddParameter): Name = "Package Type"; Value = "THT"; VariantName = "[No Variations]"
Add component (AddParameter): Name = "Tolerance"; Value = ""; VariantName = "[No Variations]"
Add component (AddParameter): Name = "Value"; Value = "2,2nF"; VariantName = "[No Variations]"
Add component (AddParameter): Name = "Voltage rating"; Value = ""; VariantName = "[No Variations]"
Added Component: Designator=C14(Cap SMD 0805)
Add component (AddParameter): Name = "Package Type"; Value = "SMD"; VariantName = "[No Variations]"
Add component (AddParameter): Name = "Tolerance"; Value = ""; VariantName = "[No Variations]"
Add component (AddParameter): Name = "Value"; Value = "1uF"; VariantName = "[No Variations]"
Add component (AddParameter): Name = "Voltage rating"; Value = ""; VariantName = "[No Variations]"
Added Component: Designator=C15(Cap SMD 0805)
Add component (AddParameter): Name = "Package Type"; Value = "SMD"; VariantName = "[No Variations]"
Add component (AddParameter): Name = "Tolerance"; Value = ""; VariantName = "[No Variations]"
Add component (AddParameter): Name = "Value"; Value = "2,2nF"; VariantName = "[No Variations]"
Add component (AddParameter): Name = "Voltage rating"; Value = ""; VariantName = "[No Variations]"
Added Component: Designator=C16(Cap SMD 0805)
Add component (AddParameter): Name = "Package Type"; Value = "SMD"; VariantName = "[No Variations]"
Add component (AddParameter): Name = "Tolerance"; Value = ""; VariantName = "[No Variations]"
Add component (AddParameter): Name = "Value"; Value = "1uF"; VariantName = "[No Variations]"
Add component (AddParameter): Name = "Voltage rating"; Value = ""; VariantName = "[No Variations]"
Added Component: Designator=C17(Cap SMD 0805)
Add component (AddParameter): Name = "Package Type"; Value = "SMD"; VariantName = "[No Variations]"
Add component (AddParameter): Name = "Tolerance"; Value = ""; VariantName = "[No Variations]"
Add component (AddParameter): Name = "Value"; Value = "2,2nF"; VariantName = "[No Variations]"
Add component (AddParameter): Name = "Voltage rating"; Value = ""; VariantName = "[No Variations]"
Added Component: Designator=C18(Cap SMD 0805)
Add component (AddParameter): Name = "Package Type"; Value = "SMD"; VariantName = "[No Variations]"
Add component (AddParameter): Name = "Tolerance"; Value = ""; VariantName = "[No Variations]"
Add component (AddParameter): Name = "Value"; Value = "1uF"; VariantName = "[No Variations]"
Add component (AddParameter): Name = "Voltage rating"; Value = ""; VariantName = "[No Variations]"
Added Component: Designator=D4(Diode THT 10 mm)
Add component (AddParameter): Name = "Forward voltage"; Value = ""; VariantName = "[No Variations]"
Add component (AddParameter): Name = "Max current"; Value = ""; VariantName = "[No Variations]"
Add component (AddParameter): Name = "Max reverse voltage"; Value = ""; VariantName = "[No Variations]"
Add component (AddParameter): Name = "Model"; Value = "1N4148"; VariantName = "[No Variations]"
Add component (AddParameter): Name = "Package Type"; Value = "THT"; VariantName = "[No Variations]"
Add component (AddParameter): Name = "Type"; Value = "Diode"; VariantName = "[No Variations]"
Added Component: Designator=D5(Diode THT 10 mm)
Add component (AddParameter): Name = "Forward voltage"; Value = ""; VariantName = "[No Variations]"
Add component (AddParameter): Name = "Max current"; Value = ""; VariantName = "[No Variations]"
Add component (AddParameter): Name = "Max reverse voltage"; Value = ""; VariantName = "[No Variations]"
Add component (AddParameter): Name = "Model"; Value = "1N4148"; VariantName = "[No Variations]"
Add component (AddParameter): Name = "Package Type"; Value = "THT"; VariantName = "[No Variations]"
Add component (AddParameter): Name = "Type"; Value = "Diode"; VariantName = "[No Variations]"
Added Component: Designator=D6(Diode THT 10 mm)
Add component (AddParameter): Name = "Forward voltage"; Value = ""; VariantName = "[No Variations]"
Add component (AddParameter): Name = "Max current"; Value = ""; VariantName = "[No Variations]"
Add component (AddParameter): Name = "Max reverse voltage"; Value = ""; VariantName = "[No Variations]"
Add component (AddParameter): Name = "Model"; Value = "1N4148"; VariantName = "[No Variations]"
Add component (AddParameter): Name = "Package Type"; Value = "THT"; VariantName = "[No Variations]"
Add component (AddParameter): Name = "Type"; Value = "Diode"; VariantName = "[No Variations]"
Added Component: Designator=D7(Diode THT 10 mm)
Add component (AddParameter): Name = "Forward voltage"; Value = ""; VariantName = "[No Variations]"
Add component (AddParameter): Name = "Max current"; Value = ""; VariantName = "[No Variations]"
Add component (AddParameter): Name = "Max reverse voltage"; Value = ""; VariantName = "[No Variations]"
Add component (AddParameter): Name = "Model"; Value = "1N4148"; VariantName = "[No Variations]"
Add component (AddParameter): Name = "Package Type"; Value = "THT"; VariantName = "[No Variations]"
Add component (AddParameter): Name = "Type"; Value = "Diode"; VariantName = "[No Variations]"
Added Component: Designator=D8(Diode THT 10 mm)
Add component (AddParameter): Name = "Forward voltage"; Value = ""; VariantName = "[No Variations]"
Add component (AddParameter): Name = "Max current"; Value = ""; VariantName = "[No Variations]"
Add component (AddParameter): Name = "Max reverse voltage"; Value = ""; VariantName = "[No Variations]"
Add component (AddParameter): Name = "Model"; Value = "1N4148"; VariantName = "[No Variations]"
Add component (AddParameter): Name = "Package Type"; Value = "THT"; VariantName = "[No Variations]"
Add component (AddParameter): Name = "Type"; Value = "Diode"; VariantName = "[No Variations]"
Added Component: Designator=J7(PJ301M)
Add component (AddParameter): Name = "Label"; Value = "PWM CV"; VariantName = "[No Variations]"
Add component (AddParameter): Name = "Manufacturer"; Value = ""; VariantName = "[No Variations]"
Add component (AddParameter): Name = "Package Type"; Value = "THT"; VariantName = "[No Variations]"
Added Component: Designator=J8(PJ301M)
Add component (AddParameter): Name = "Label"; Value = "PULSE OUT"; VariantName = "[No Variations]"
Add component (AddParameter): Name = "Manufacturer"; Value = ""; VariantName = "[No Variations]"
Add component (AddParameter): Name = "Package Type"; Value = "THT"; VariantName = "[No Variations]"
Added Component: Designator=J9(PJ301M)
Add component (AddParameter): Name = "Label"; Value = "TRIANGLE OUT"; VariantName = "[No Variations]"
Add component (AddParameter): Name = "Manufacturer"; Value = ""; VariantName = "[No Variations]"
Add component (AddParameter): Name = "Package Type"; Value = "THT"; VariantName = "[No Variations]"
Added Component: Designator=J10(PJ301M)
Add component (AddParameter): Name = "Label"; Value = "CV 1V/OCT"; VariantName = "[No Variations]"
Add component (AddParameter): Name = "Manufacturer"; Value = ""; VariantName = "[No Variations]"
Add component (AddParameter): Name = "Package Type"; Value = "THT"; VariantName = "[No Variations]"
Added Component: Designator=J11(PJ301M)
Add component (AddParameter): Name = "Label"; Value = "FM CV"; VariantName = "[No Variations]"
Add component (AddParameter): Name = "Manufacturer"; Value = ""; VariantName = "[No Variations]"
Add component (AddParameter): Name = "Package Type"; Value = "THT"; VariantName = "[No Variations]"
Added Component: Designator=P7(Multiturn Potentiometer inline)
Add component (AddParameter): Name = "Package Type"; Value = "THT"; VariantName = "[No Variations]"
Add component (AddParameter): Name = "Parameter"; Value = "TUNE"; VariantName = "[No Variations]"
Add component (AddParameter): Name = "Taper"; Value = ""; VariantName = "[No Variations]"
Add component (AddParameter): Name = "Type"; Value = "Potentiometer"; VariantName = "[No Variations]"
Add component (AddParameter): Name = "Value"; Value = "1k"; VariantName = "[No Variations]"
Added Component: Designator=P8(9 mm PCB Potentiometer)
Add component (AddParameter): Name = "Package Type"; Value = "THT"; VariantName = "[No Variations]"
Add component (AddParameter): Name = "Parameter"; Value = "PWM WIDTH"; VariantName = "[No Variations]"
Add component (AddParameter): Name = "Taper"; Value = ""; VariantName = "[No Variations]"
Add component (AddParameter): Name = "Type"; Value = "Potentiometer"; VariantName = "[No Variations]"
Add component (AddParameter): Name = "Value"; Value = "B100k"; VariantName = "[No Variations]"
Added Component: Designator=P9(9 mm PCB Potentiometer)
Add component (AddParameter): Name = "Package Type"; Value = "THT"; VariantName = "[No Variations]"
Add component (AddParameter): Name = "Parameter"; Value = "FM CV LVL"; VariantName = "[No Variations]"
Add component (AddParameter): Name = "Taper"; Value = ""; VariantName = "[No Variations]"
Add component (AddParameter): Name = "Type"; Value = "Potentiometer"; VariantName = "[No Variations]"
Add component (AddParameter): Name = "Value"; Value = "B1Meg"; VariantName = "[No Variations]"
Added Component: Designator=P10(9 mm PCB Potentiometer)
Add component (AddParameter): Name = "Package Type"; Value = "THT"; VariantName = "[No Variations]"
Add component (AddParameter): Name = "Parameter"; Value = "PWM CV LVL"; VariantName = "[No Variations]"
Add component (AddParameter): Name = "Taper"; Value = ""; VariantName = "[No Variations]"
Add component (AddParameter): Name = "Type"; Value = "Potentiometer"; VariantName = "[No Variations]"
Add component (AddParameter): Name = "Value"; Value = "B250k"; VariantName = "[No Variations]"
Added Component: Designator=P11(9 mm PCB Potentiometer)
Add component (AddParameter): Name = "Package Type"; Value = "THT"; VariantName = "[No Variations]"
Add component (AddParameter): Name = "Parameter"; Value = "F COARSE"; VariantName = "[No Variations]"
Add component (AddParameter): Name = "Taper"; Value = ""; VariantName = "[No Variations]"
Add component (AddParameter): Name = "Type"; Value = "Potentiometer"; VariantName = "[No Variations]"
Add component (AddParameter): Name = "Value"; Value = "B100k"; VariantName = "[No Variations]"
Added Component: Designator=P12(9 mm PCB Potentiometer)
Add component (AddParameter): Name = "Package Type"; Value = "THT"; VariantName = "[No Variations]"
Add component (AddParameter): Name = "Parameter"; Value = "F FINE"; VariantName = "[No Variations]"
Add component (AddParameter): Name = "Taper"; Value = ""; VariantName = "[No Variations]"
Add component (AddParameter): Name = "Type"; Value = "Potentiometer"; VariantName = "[No Variations]"
Add component (AddParameter): Name = "Value"; Value = "B100k"; VariantName = "[No Variations]"
Added Component: Designator=P13(Multiturn Potentiometer inline)
Add component (AddParameter): Name = "Package Type"; Value = "THT"; VariantName = "[No Variations]"
Add component (AddParameter): Name = "Parameter"; Value = "TUNE"; VariantName = "[No Variations]"
Add component (AddParameter): Name = "Taper"; Value = ""; VariantName = "[No Variations]"
Add component (AddParameter): Name = "Type"; Value = "Potentiometer"; VariantName = "[No Variations]"
Add component (AddParameter): Name = "Value"; Value = "1k"; VariantName = "[No Variations]"
Added Component: Designator=P14(9 mm PCB Potentiometer)
Add component (AddParameter): Name = "Package Type"; Value = "THT"; VariantName = "[No Variations]"
Add component (AddParameter): Name = "Parameter"; Value = "FM CV LVL"; VariantName = "[No Variations]"
Add component (AddParameter): Name = "Taper"; Value = ""; VariantName = "[No Variations]"
Add component (AddParameter): Name = "Type"; Value = "Potentiometer"; VariantName = "[No Variations]"
Add component (AddParameter): Name = "Value"; Value = "B1Meg"; VariantName = "[No Variations]"
Added Component: Designator=Q3(TO-92 wide)
Add component (AddParameter): Name = "Group"; Value = ""; VariantName = "[No Variations]"
Add component (AddParameter): Name = "Package"; Value = "TO-92"; VariantName = "[No Variations]"
Add component (AddParameter): Name = "Package Type"; Value = "THT"; VariantName = "[No Variations]"
Add component (AddParameter): Name = "Type"; Value = "NPN Transistor"; VariantName = "[No Variations]"
Added Component: Designator=Q4(TO-92 wide)
Add component (AddParameter): Name = "Group"; Value = ""; VariantName = "[No Variations]"
Add component (AddParameter): Name = "Package"; Value = "TO-92"; VariantName = "[No Variations]"
Add component (AddParameter): Name = "Package Type"; Value = "THT"; VariantName = "[No Variations]"
Add component (AddParameter): Name = "Type"; Value = "PNP Transistor"; VariantName = "[No Variations]"
Added Component: Designator=Q5(TO-92 wide)
Add component (AddParameter): Name = "Group"; Value = ""; VariantName = "[No Variations]"
Add component (AddParameter): Name = "Package"; Value = "TO-92"; VariantName = "[No Variations]"
Add component (AddParameter): Name = "Package Type"; Value = "THT"; VariantName = "[No Variations]"
Add component (AddParameter): Name = "Type"; Value = "NPN Transistor"; VariantName = "[No Variations]"
Added Component: Designator=Q6(TO-92 wide)
Add component (AddParameter): Name = "Group"; Value = ""; VariantName = "[No Variations]"
Add component (AddParameter): Name = "Package"; Value = "TO-92"; VariantName = "[No Variations]"
Add component (AddParameter): Name = "Package Type"; Value = "THT"; VariantName = "[No Variations]"
Add component (AddParameter): Name = "Type"; Value = "PNP Transistor"; VariantName = "[No Variations]"
Added Component: Designator=R25(Resistor SMD 0805)
Add component (AddParameter): Name = "Package Type"; Value = "SMD"; VariantName = "[No Variations]"
Add component (AddParameter): Name = "Tolerance"; Value = ""; VariantName = "[No Variations]"
Add component (AddParameter): Name = "Value"; Value = "100k"; VariantName = "[No Variations]"
Added Component: Designator=R28(Resistor SMD 0805)
Add component (AddParameter): Name = "Package Type"; Value = "SMD"; VariantName = "[No Variations]"
Add component (AddParameter): Name = "Tolerance"; Value = ""; VariantName = "[No Variations]"
Add component (AddParameter): Name = "Value"; Value = "1k"; VariantName = "[No Variations]"
Added Component: Designator=R29(Resistor SMD 0805)
Add component (AddParameter): Name = "Package Type"; Value = "SMD"; VariantName = "[No Variations]"
Add component (AddParameter): Name = "Tolerance"; Value = ""; VariantName = "[No Variations]"
Add component (AddParameter): Name = "Value"; Value = "68k"; VariantName = "[No Variations]"
Added Component: Designator=R30(Resistor SMD 0805)
Add component (AddParameter): Name = "Package Type"; Value = "SMD"; VariantName = "[No Variations]"
Add component (AddParameter): Name = "Tolerance"; Value = ""; VariantName = "[No Variations]"
Add component (AddParameter): Name = "Value"; Value = "14k"; VariantName = "[No Variations]"
Added Component: Designator=R31(Resistor SMD 0805)
Add component (AddParameter): Name = "Package Type"; Value = "SMD"; VariantName = "[No Variations]"
Add component (AddParameter): Name = "Tolerance"; Value = ""; VariantName = "[No Variations]"
Add component (AddParameter): Name = "Value"; Value = "100k"; VariantName = "[No Variations]"
Added Component: Designator=R32(Resistor SMD 0805)
Add component (AddParameter): Name = "Package Type"; Value = "SMD"; VariantName = "[No Variations]"
Add component (AddParameter): Name = "Tolerance"; Value = ""; VariantName = "[No Variations]"
Add component (AddParameter): Name = "Value"; Value = "100k"; VariantName = "[No Variations]"
Added Component: Designator=R33(Resistor SMD 0805)
Add component (AddParameter): Name = "Package Type"; Value = "SMD"; VariantName = "[No Variations]"
Add component (AddParameter): Name = "Tolerance"; Value = ""; VariantName = "[No Variations]"
Add component (AddParameter): Name = "Value"; Value = "100k"; VariantName = "[No Variations]"
Added Component: Designator=R34(Resistor SMD 0805)
Add component (AddParameter): Name = "Package Type"; Value = "SMD"; VariantName = "[No Variations]"
Add component (AddParameter): Name = "Tolerance"; Value = ""; VariantName = "[No Variations]"
Add component (AddParameter): Name = "Value"; Value = "33k"; VariantName = "[No Variations]"
Added Component: Designator=R35(Resistor SMD 0805)
Add component (AddParameter): Name = "Package Type"; Value = "SMD"; VariantName = "[No Variations]"
Add component (AddParameter): Name = "Tolerance"; Value = ""; VariantName = "[No Variations]"
Add component (AddParameter): Name = "Value"; Value = "1Meg"; VariantName = "[No Variations]"
Added Component: Designator=R36(Resistor SMD 0805)
Add component (AddParameter): Name = "Package Type"; Value = "SMD"; VariantName = "[No Variations]"
Add component (AddParameter): Name = "Tolerance"; Value = ""; VariantName = "[No Variations]"
Add component (AddParameter): Name = "Value"; Value = "47k"; VariantName = "[No Variations]"
Added Component: Designator=R37(Resistor SMD 0805)
Add component (AddParameter): Name = "Package Type"; Value = "SMD"; VariantName = "[No Variations]"
Add component (AddParameter): Name = "Tolerance"; Value = ""; VariantName = "[No Variations]"
Add component (AddParameter): Name = "Value"; Value = "100k"; VariantName = "[No Variations]"
Added Component: Designator=R38(Resistor SMD 0805)
Add component (AddParameter): Name = "Package Type"; Value = "SMD"; VariantName = "[No Variations]"
Add component (AddParameter): Name = "Tolerance"; Value = ""; VariantName = "[No Variations]"
Add component (AddParameter): Name = "Value"; Value = "1Meg"; VariantName = "[No Variations]"
Added Component: Designator=R39(Resistor THT 10mm)
Add component (AddParameter): Name = "Package Type"; Value = "THT"; VariantName = "[No Variations]"
Add component (AddParameter): Name = "Tolerance"; Value = ""; VariantName = "[No Variations]"
Add component (AddParameter): Name = "Value"; Value = "10k"; VariantName = "[No Variations]"
Added Component: Designator=R40(Resistor SMD 0805)
Add component (AddParameter): Name = "Package Type"; Value = "SMD"; VariantName = "[No Variations]"
Add component (AddParameter): Name = "Tolerance"; Value = ""; VariantName = "[No Variations]"
Add component (AddParameter): Name = "Value"; Value = "1k5"; VariantName = "[No Variations]"
Added Component: Designator=R41(Resistor THT 10mm)
Add component (AddParameter): Name = "Package Type"; Value = "THT"; VariantName = "[No Variations]"
Add component (AddParameter): Name = "Tolerance"; Value = ""; VariantName = "[No Variations]"
Add component (AddParameter): Name = "Value"; Value = "10k"; VariantName = "[No Variations]"
Added Component: Designator=R42(Resistor SMD 0805)
Add component (AddParameter): Name = "Package Type"; Value = "SMD"; VariantName = "[No Variations]"
Add component (AddParameter): Name = "Tolerance"; Value = ""; VariantName = "[No Variations]"
Add component (AddParameter): Name = "Value"; Value = "1k"; VariantName = "[No Variations]"
Added Component: Designator=R43(Resistor SMD 0805)
Add component (AddParameter): Name = "Package Type"; Value = "SMD"; VariantName = "[No Variations]"
Add component (AddParameter): Name = "Tolerance"; Value = ""; VariantName = "[No Variations]"
Add component (AddParameter): Name = "Value"; Value = "100k"; VariantName = "[No Variations]"
Added Component: Designator=R44(Resistor SMD 0805)
Add component (AddParameter): Name = "Package Type"; Value = "SMD"; VariantName = "[No Variations]"
Add component (AddParameter): Name = "Tolerance"; Value = ""; VariantName = "[No Variations]"
Add component (AddParameter): Name = "Value"; Value = "10k"; VariantName = "[No Variations]"
Added Component: Designator=R45(Resistor SMD 0805)
Add component (AddParameter): Name = "Package Type"; Value = "SMD"; VariantName = "[No Variations]"
Add component (AddParameter): Name = "Tolerance"; Value = ""; VariantName = "[No Variations]"
Add component (AddParameter): Name = "Value"; Value = "100k"; VariantName = "[No Variations]"
Added Component: Designator=R46(Resistor SMD 0805)
Add component (AddParameter): Name = "Package Type"; Value = "SMD"; VariantName = "[No Variations]"
Add component (AddParameter): Name = "Tolerance"; Value = ""; VariantName = "[No Variations]"
Add component (AddParameter): Name = "Value"; Value = "100k"; VariantName = "[No Variations]"
Added Component: Designator=R47(Resistor SMD 0805)
Add component (AddParameter): Name = "Package Type"; Value = "SMD"; VariantName = "[No Variations]"
Add component (AddParameter): Name = "Tolerance"; Value = ""; VariantName = "[No Variations]"
Add component (AddParameter): Name = "Value"; Value = "100k"; VariantName = "[No Variations]"
Added Component: Designator=U4(SOIC14)
Add component (AddParameter): Name = "Package"; Value = "SOIC14"; VariantName = "[No Variations]"
Add component (AddParameter): Name = "Package Type"; Value = "SMD"; VariantName = "[No Variations]"
Add component (AddParameter): Name = "Type"; Value = "Op Amp"; VariantName = "[No Variations]"
Added Component: Designator=VR5(THERMISTOR THT 2,54 MM)
Add component (AddParameter): Name = "Package Type"; Value = "THT"; VariantName = "[No Variations]"
Add component (AddParameter): Name = "Tolerance"; Value = ""; VariantName = "[No Variations]"
Add component (AddParameter): Name = "Value"; Value = "10k"; VariantName = "[No Variations]"
Added Component: Designator=VR6(THERMISTOR THT 2,54 MM)
Add component (AddParameter): Name = "Package Type"; Value = "THT"; VariantName = "[No Variations]"
Add component (AddParameter): Name = "Tolerance"; Value = ""; VariantName = "[No Variations]"
Add component (AddParameter): Name = "Value"; Value = "10k"; VariantName = "[No Variations]"
Added Component: Designator=VR7(THERMISTOR THT 2,54 MM)
Add component (AddParameter): Name = "Package Type"; Value = "THT"; VariantName = "[No Variations]"
Add component (AddParameter): Name = "Tolerance"; Value = ""; VariantName = "[No Variations]"
Add component (AddParameter): Name = "Value"; Value = "10k"; VariantName = "[No Variations]"
Added Component: Designator=VR8(THERMISTOR THT 2,54 MM)
Add component (AddParameter): Name = "Package Type"; Value = "THT"; VariantName = "[No Variations]"
Add component (AddParameter): Name = "Tolerance"; Value = ""; VariantName = "[No Variations]"
Add component (AddParameter): Name = "Value"; Value = "10k"; VariantName = "[No Variations]"
Added Component: Designator=VR9(THERMISTOR THT 2,54 MM)
Add component (AddParameter): Name = "Package Type"; Value = "THT"; VariantName = "[No Variations]"
Add component (AddParameter): Name = "Tolerance"; Value = ""; VariantName = "[No Variations]"
Add component (AddParameter): Name = "Value"; Value = "10k"; VariantName = "[No Variations]"
Added Component: Designator=VR10(THERMISTOR THT 2,54 MM)
Add component (AddParameter): Name = "Package Type"; Value = "THT"; VariantName = "[No Variations]"
Add component (AddParameter): Name = "Tolerance"; Value = ""; VariantName = "[No Variations]"
Add component (AddParameter): Name = "Value"; Value = "10k"; VariantName = "[No Variations]"
Added Component: Designator=VR11(THERMISTOR THT 2,54 MM)
Add component (AddParameter): Name = "Package Type"; Value = "THT"; VariantName = "[No Variations]"
Add component (AddParameter): Name = "Tolerance"; Value = ""; VariantName = "[No Variations]"
Add component (AddParameter): Name = "Value"; Value = "10k"; VariantName = "[No Variations]"
Added Component: Designator=VR12(THERMISTOR THT 2,54 MM)
Add component (AddParameter): Name = "Package Type"; Value = "THT"; VariantName = "[No Variations]"
Add component (AddParameter): Name = "Tolerance"; Value = ""; VariantName = "[No Variations]"
Add component (AddParameter): Name = "Value"; Value = "10k"; VariantName = "[No Variations]"
Added Pin To Net: NetName=GND Pin=C5-1
Added Pin To Net: NetName=+12 V Pin=C5-2
Added Pin To Net: NetName=-12 V Pin=C9-1
Added Pin To Net: NetName=GND Pin=C9-2
Added Pin To Net: NetName=GND Pin=C13-1
Added Pin To Net: NetName=NetC2_2 Pin=C13-2
Added Pin To Net: NetName=GND Pin=C15-1
Added Pin To Net: NetName=GND Pin=C17-1
Added Pin To Net: NetName=NetC2_2 Pin=D4-2
Added Pin To Net: NetName=SAW out Pin=J2-3
Added Pin To Net: NetName=1V/OCT Pin=J5-3
Added Pin To Net: NetName=GND Pin=J6-2
Added Pin To Net: NetName=FM CV Pin=J6-3
Added Pin To Net: NetName=GND Pin=J7-1
Added Pin To Net: NetName=GND Pin=J7-2
Added Pin To Net: NetName=PWM CV Pin=J7-3
Added Pin To Net: NetName=GND Pin=J8-1
Added Pin To Net: NetName=PULSE out Pin=J8-3
Added Pin To Net: NetName=GND Pin=J9-1
Added Pin To Net: NetName=TRI out Pin=J9-3
Added Pin To Net: NetName=GND Pin=J10-1
Added Pin To Net: NetName=GND Pin=J10-2
Added Pin To Net: NetName=1V/OCT Pin=J10-3
Added Pin To Net: NetName=GND Pin=J11-1
Added Pin To Net: NetName=GND Pin=J11-2
Added Pin To Net: NetName=FM CV Pin=J11-3
Added Pin To Net: NetName=NetP5_3 Pin=P4-3
Added Pin To Net: NetName=GND Pin=P6-3
Added Pin To Net: NetName=GND Pin=P7-2
Added Pin To Net: NetName=+12 V Pin=P8-1
Added Pin To Net: NetName=-12 V Pin=P8-3
Added Pin To Net: NetName=PWM CV Pin=P10-2
Added Pin To Net: NetName=GND Pin=P12-3
Added Pin To Net: NetName=GND Pin=P13-2
Added Pin To Net: NetName=GND Pin=Q3-3
Added Pin To Net: NetName=-12 V Pin=Q4-1
Added Pin To Net: NetName=GND Pin=Q5-3
Added Pin To Net: NetName=-12 V Pin=Q6-1
Added Pin To Net: NetName=NetP1_2 Pin=R3-2
Added Pin To Net: NetName=-12 V Pin=R4-1
Added Pin To Net: NetName=NetP1_1 Pin=R4-2
Added Pin To Net: NetName=+12 V Pin=R5-1
Added Pin To Net: NetName=NetQ1_2 Pin=R5-2
Added Pin To Net: NetName=NetP2_2 Pin=R6-2
Added Pin To Net: NetName=SAW out Pin=R7-2
Added Pin To Net: NetName=NetP5_3 Pin=R8-1
Added Pin To Net: NetName=NetP3_1 Pin=R8-2
Added Pin To Net: NetName=-12 V Pin=R9-1
Added Pin To Net: NetName=NetP2_1 Pin=R9-2
Added Pin To Net: NetName=GND Pin=R10-2
Added Pin To Net: NetName=GND Pin=R12-2
Added Pin To Net: NetName=1V/OCT Pin=R13-2
Added Pin To Net: NetName=FM CV Pin=R14-2
Added Pin To Net: NetName=+12 V Pin=R15-2
Added Pin To Net: NetName=NetP5_2 Pin=R17-2
Added Pin To Net: NetName=-12 V Pin=R18-1
Added Pin To Net: NetName=+12 V Pin=R19-1
Added Pin To Net: NetName=-12 V Pin=R22-1
Added Pin To Net: NetName=1V/OCT Pin=R24-2
Added Pin To Net: NetName=FM CV Pin=R25-2
Added Pin To Net: NetName=PULSE out Pin=R28-2
Added Pin To Net: NetName=GND Pin=R29-1
Added Pin To Net: NetName=NetR26_2 Pin=R29-2
Added Pin To Net: NetName=GND Pin=R30-1
Added Pin To Net: NetName=+12 V Pin=R31-2
Added Pin To Net: NetName=GND Pin=R32-2
Added Pin To Net: NetName=-12 V Pin=R34-1
Added Pin To Net: NetName=+12 V Pin=R35-1
Added Pin To Net: NetName=GND Pin=R36-1
Added Pin To Net: NetName=TRI out Pin=R42-2
Added Pin To Net: NetName=-12 V Pin=R43-1
Added Pin To Net: NetName=-12 V Pin=R44-2
Added Pin To Net: NetName=GND Pin=R45-2
Added Pin To Net: NetName=1V/OCT Pin=R46-2
Added Pin To Net: NetName=FM CV Pin=R47-2
Added Pin To Net: NetName=NetR26_2 Pin=U3-10
Added Pin To Net: NetName=+12 V Pin=U4-4
Added Pin To Net: NetName=GND Pin=U4-10
Added Pin To Net: NetName=-12 V Pin=U4-11
Added Pin To Net: NetName=NetR13_1 Pin=VR3-1
Added Pin To Net: NetName=NetP4_2 Pin=VR4-2
Added Pin To Net: NetName=NetR20_1 Pin=VR6-1
Change Net Name : Old Net Name=NetC2_2 New Net Name=NetC13_2
Change Net Name : Old Net Name=NetD4_1 New Net Name=NetD1_1
Change Net Name : Old Net Name=NetD5_2 New Net Name=NetD2_2
Change Net Name : Old Net Name=NetD6_2 New Net Name=NetD3_2
Change Net Name : Old Net Name=NetP5_3 New Net Name=NetP4_3
Added Pin To Net: NetName=NetC12_1 Pin=C12-1
Added Pin To Net: NetName=NetC12_1 Pin=R10-1
Added Pin To Net: NetName=NetC12_1 Pin=U2-5
Added Net: Name=NetC12_1
Added Pin To Net: NetName=NetC12_2 Pin=C12-2
Added Pin To Net: NetName=NetC12_2 Pin=U2-1
Added Pin To Net: NetName=NetC12_2 Pin=U2-2
Added Net: Name=NetC12_2
Added Pin To Net: NetName=NetC14_1 Pin=C14-1
Added Pin To Net: NetName=NetC14_1 Pin=R16-1
Added Pin To Net: NetName=NetC14_1 Pin=U3-5
Added Net: Name=NetC14_1
Added Pin To Net: NetName=NetC14_2 Pin=C14-2
Added Pin To Net: NetName=NetC14_2 Pin=U3-1
Added Pin To Net: NetName=NetC14_2 Pin=U3-2
Added Net: Name=NetC14_2
Added Pin To Net: NetName=NetC15_2 Pin=C15-2
Added Pin To Net: NetName=NetC15_2 Pin=D5-2
Added Pin To Net: NetName=NetC15_2 Pin=Q3-1
Added Pin To Net: NetName=NetC15_2 Pin=U1-3
Added Pin To Net: NetName=NetC15_2 Pin=U3-3
Added Net: Name=NetC15_2
Added Pin To Net: NetName=NetC16_1 Pin=C16-1
Added Pin To Net: NetName=NetC16_1 Pin=R32-1
Added Pin To Net: NetName=NetC16_1 Pin=U4-5
Added Net: Name=NetC16_1
Added Pin To Net: NetName=NetC16_2 Pin=C16-2
Added Pin To Net: NetName=NetC16_2 Pin=U4-1
Added Pin To Net: NetName=NetC16_2 Pin=U4-2
Added Net: Name=NetC16_2
Added Pin To Net: NetName=NetC17_2 Pin=C17-2
Added Pin To Net: NetName=NetC17_2 Pin=D6-2
Added Pin To Net: NetName=NetC17_2 Pin=Q5-1
Added Pin To Net: NetName=NetC17_2 Pin=U1-5
Added Pin To Net: NetName=NetC17_2 Pin=U4-3
Added Net: Name=NetC17_2
Added Pin To Net: NetName=NetC18_1 Pin=C18-1
Added Pin To Net: NetName=NetC18_1 Pin=R45-1
Added Pin To Net: NetName=NetC18_1 Pin=U4-12
Added Net: Name=NetC18_1
Added Pin To Net: NetName=NetC18_2 Pin=C18-2
Added Pin To Net: NetName=NetC18_2 Pin=D7-2
Added Pin To Net: NetName=NetC18_2 Pin=D8-2
Added Pin To Net: NetName=NetC18_2 Pin=R44-1
Added Net: Name=NetC18_2
Added Pin To Net: NetName=NetD4_1 Pin=D4-1
Added Pin To Net: NetName=NetD4_1 Pin=U1-2
Added Net: Name=NetD4_1
Added Pin To Net: NetName=NetD5_1 Pin=D5-1
Added Pin To Net: NetName=NetD5_1 Pin=U1-4
Added Net: Name=NetD5_1
Added Pin To Net: NetName=NetD6_1 Pin=D6-1
Added Pin To Net: NetName=NetD6_1 Pin=U1-6
Added Net: Name=NetD6_1
Added Pin To Net: NetName=NetD7_1 Pin=D7-1
Added Pin To Net: NetName=NetD7_1 Pin=R39-2
Added Pin To Net: NetName=NetD7_1 Pin=U4-8
Added Net: Name=NetD7_1
Added Pin To Net: NetName=NetD8_1 Pin=D8-1
Added Pin To Net: NetName=NetD8_1 Pin=R41-1
Added Pin To Net: NetName=NetD8_1 Pin=U4-6
Added Pin To Net: NetName=NetD8_1 Pin=U4-7
Added Net: Name=NetD8_1
Added Pin To Net: NetName=NetP5_1 Pin=P5-1
Added Pin To Net: NetName=NetP5_1 Pin=R18-2
Added Net: Name=NetP5_1
Added Pin To Net: NetName=NetP5_3 Pin=P5-3
Added Pin To Net: NetName=NetP5_3 Pin=R15-1
Added Net: Name=NetP5_3
Added Pin To Net: NetName=NetP6_1 Pin=P6-1
Added Pin To Net: NetName=NetP6_1 Pin=R22-2
Added Net: Name=NetP6_1
Added Pin To Net: NetName=NetP6_2 Pin=P6-2
Added Pin To Net: NetName=NetP6_2 Pin=R20-2
Added Net: Name=NetP6_2
Added Pin To Net: NetName=NetP7_1 Pin=P7-1
Added Pin To Net: NetName=NetP7_1 Pin=R21-2
Added Net: Name=NetP7_1
Added Pin To Net: NetName=NetP8_2 Pin=P8-2
Added Pin To Net: NetName=NetP8_2 Pin=R23-1
Added Net: Name=NetP8_2
Added Pin To Net: NetName=NetP9_2 Pin=P9-2
Added Pin To Net: NetName=NetP9_2 Pin=VR8-2
Added Net: Name=NetP9_2
Added Pin To Net: NetName=NetP9_3 Pin=P9-3
Added Pin To Net: NetName=NetP9_3 Pin=Q4-2
Added Pin To Net: NetName=NetP9_3 Pin=R21-1
Added Pin To Net: NetName=NetP9_3 Pin=VR5-2
Added Pin To Net: NetName=NetP9_3 Pin=VR6-2
Added Pin To Net: NetName=NetP9_3 Pin=VR7-2
Added Net: Name=NetP9_3
Added Pin To Net: NetName=NetP10_3 Pin=P10-3
Added Pin To Net: NetName=NetP10_3 Pin=R27-1
Added Net: Name=NetP10_3
Added Pin To Net: NetName=NetP11_1 Pin=P11-1
Added Pin To Net: NetName=NetP11_1 Pin=R34-2
Added Net: Name=NetP11_1
Added Pin To Net: NetName=NetP11_2 Pin=P11-2
Added Pin To Net: NetName=NetP11_2 Pin=R33-2
Added Net: Name=NetP11_2
Added Pin To Net: NetName=NetP11_3 Pin=P11-3
Added Pin To Net: NetName=NetP11_3 Pin=R31-1
Added Net: Name=NetP11_3
Added Pin To Net: NetName=NetP12_1 Pin=P12-1
Added Pin To Net: NetName=NetP12_1 Pin=R43-2
Added Net: Name=NetP12_1
Added Pin To Net: NetName=NetP12_2 Pin=P12-2
Added Pin To Net: NetName=NetP12_2 Pin=R38-2
Added Net: Name=NetP12_2
Added Pin To Net: NetName=NetP13_1 Pin=P13-1
Added Pin To Net: NetName=NetP13_1 Pin=R40-2
Added Net: Name=NetP13_1
Added Pin To Net: NetName=NetP14_2 Pin=P14-2
Added Pin To Net: NetName=NetP14_2 Pin=VR12-2
Added Net: Name=NetP14_2
Added Pin To Net: NetName=NetP14_3 Pin=P14-3
Added Pin To Net: NetName=NetP14_3 Pin=Q6-2
Added Pin To Net: NetName=NetP14_3 Pin=R40-1
Added Pin To Net: NetName=NetP14_3 Pin=VR9-2
Added Pin To Net: NetName=NetP14_3 Pin=VR10-2
Added Pin To Net: NetName=NetP14_3 Pin=VR11-2
Added Net: Name=NetP14_3
Added Pin To Net: NetName=NetQ3_2 Pin=Q3-2
Added Pin To Net: NetName=NetQ3_2 Pin=Q4-3
Added Pin To Net: NetName=NetQ3_2 Pin=R19-2
Added Net: Name=NetQ3_2
Added Pin To Net: NetName=NetQ5_2 Pin=Q5-2
Added Pin To Net: NetName=NetQ5_2 Pin=Q6-3
Added Pin To Net: NetName=NetQ5_2 Pin=R35-2
Added Net: Name=NetQ5_2
Added Pin To Net: NetName=NetR3_1 Pin=R3-1
Added Pin To Net: NetName=NetR3_1 Pin=VR1-1
Added Net: Name=NetR3_1
Added Pin To Net: NetName=NetR6_1 Pin=R6-1
Added Pin To Net: NetName=NetR6_1 Pin=VR2-1
Added Net: Name=NetR6_1
Added Pin To Net: NetName=NetR7_1 Pin=R7-1
Added Pin To Net: NetName=NetR7_1 Pin=R11-2
Added Pin To Net: NetName=NetR7_1 Pin=U2-7
Added Net: Name=NetR7_1
Added Pin To Net: NetName=NetR11_1 Pin=R11-1
Added Pin To Net: NetName=NetR11_1 Pin=R12-1
Added Pin To Net: NetName=NetR11_1 Pin=U2-6
Added Net: Name=NetR11_1
Added Pin To Net: NetName=NetR14_1 Pin=R14-1
Added Pin To Net: NetName=NetR14_1 Pin=VR4-1
Added Net: Name=NetR14_1
Added Pin To Net: NetName=NetR17_1 Pin=R17-1
Added Pin To Net: NetName=NetR17_1 Pin=VR5-1
Added Net: Name=NetR17_1
Added Pin To Net: NetName=NetR23_2 Pin=R23-2
Added Pin To Net: NetName=NetR23_2 Pin=R27-2
Added Pin To Net: NetName=NetR23_2 Pin=R30-2
Added Pin To Net: NetName=NetR23_2 Pin=U3-6
Added Net: Name=NetR23_2
Added Pin To Net: NetName=NetR24_1 Pin=R24-1
Added Pin To Net: NetName=NetR24_1 Pin=VR7-1
Added Net: Name=NetR24_1
Added Pin To Net: NetName=NetR25_1 Pin=R25-1
Added Pin To Net: NetName=NetR25_1 Pin=VR8-1
Added Net: Name=NetR25_1
Added Pin To Net: NetName=NetR26_1 Pin=R26-1
Added Pin To Net: NetName=NetR26_1 Pin=U3-7
Added Net: Name=NetR26_1
Added Pin To Net: NetName=NetR28_1 Pin=R28-1
Added Pin To Net: NetName=NetR28_1 Pin=U3-8
Added Pin To Net: NetName=NetR28_1 Pin=U3-9
Added Net: Name=NetR28_1
Added Pin To Net: NetName=NetR33_1 Pin=R33-1
Added Pin To Net: NetName=NetR33_1 Pin=VR9-1
Added Net: Name=NetR33_1
Added Pin To Net: NetName=NetR36_2 Pin=R36-2
Added Pin To Net: NetName=NetR36_2 Pin=R37-1
Added Pin To Net: NetName=NetR36_2 Pin=U4-13
Added Net: Name=NetR36_2
Added Pin To Net: NetName=NetR37_2 Pin=R37-2
Added Pin To Net: NetName=NetR37_2 Pin=R42-1
Added Pin To Net: NetName=NetR37_2 Pin=U4-14
Added Net: Name=NetR37_2
Added Pin To Net: NetName=NetR38_1 Pin=R38-1
Added Pin To Net: NetName=NetR38_1 Pin=VR10-1
Added Net: Name=NetR38_1
Added Pin To Net: NetName=NetR39_1 Pin=R39-1
Added Pin To Net: NetName=NetR39_1 Pin=R41-2
Added Pin To Net: NetName=NetR39_1 Pin=U4-9
Added Net: Name=NetR39_1
Added Pin To Net: NetName=NetR46_1 Pin=R46-1
Added Pin To Net: NetName=NetR46_1 Pin=VR11-1
Added Net: Name=NetR46_1
Added Pin To Net: NetName=NetR47_1 Pin=R47-1
Added Pin To Net: NetName=NetR47_1 Pin=VR12-1
Added Net: Name=NetR47_1
Added Class: Name=Power section
Added Class: Name=Saw VCO
Added Class: Name=Square VCO
Added Class: Name=Triangle VCO
