Removed Pin From Net: NetName=+12 V Pin=TP1-1
Removed Pin From Net: NetName=-12 V Pin=TP2-1
Removed Pin From Net: NetName=NetC12_2 Pin=TP3-1
Removed Pin From Net: NetName=NetR7_1 Pin=TP4-1
Removed Pin From Net: NetName=NetC14_2 Pin=TP5-1
Removed Pin From Net: NetName=NetP7_1 Pin=TP6-1
Removed Pin From Net: NetName=NetP9_1 Pin=TP7-1
Removed Pin From Net: NetName=NetC14_1 Pin=TP8-1
Removed Pin From Net: NetName=NetR27_2 Pin=TP9-1
Removed Pin From Net: NetName=NetP7_3 Pin=TP10-1
Removed Pin From Net: NetName=NetC16_2 Pin=TP11-1
Removed Pin From Net: NetName=NetD7_1 Pin=TP12-1
Removed Pin From Net: NetName=NetC18_1 Pin=TP13-1
Removed Pin From Net: NetName=NetR39_2 Pin=TP14-1
Removed Pin From Net: NetName=NetD8_1 Pin=TP15-1
Removed Pin From Net: NetName=GND Pin=TP16-1
Removed Member From Class: ClassName=Power section Member=TP1
Removed Member From Class: ClassName=Power section Member=TP2
Removed Member From Class: ClassName=Saw VCO Member=TP3
Removed Member From Class: ClassName=Saw VCO Member=TP4
Removed Member From Class: ClassName=Blend VCO Member=TP5
Removed Member From Class: ClassName=Blend VCO Member=TP6
Removed Member From Class: ClassName=Blend VCO Member=TP7
Removed Member From Class: ClassName=Blend VCO Member=TP8
Removed Member From Class: ClassName=Blend VCO Member=TP9
Removed Member From Class: ClassName=Blend VCO Member=TP10
Removed Member From Class: ClassName=Triangle VCO Member=TP11
Removed Member From Class: ClassName=Triangle VCO Member=TP12
Removed Member From Class: ClassName=Triangle VCO Member=TP13
Removed Member From Class: ClassName=Triangle VCO Member=TP14
Removed Member From Class: ClassName=Triangle VCO Member=TP15
Removed Member From Class: ClassName=Power section Member=TP16
