Removed Pin From Net: NetName=GND Pin=J7-1
Removed Pin From Net: NetName=GND Pin=J7-2
Removed Pin From Net: NetName=GND Pin=J8-1
Removed Pin From Net: NetName=NetC14_2 Pin=U3-1
Removed Pin From Net: NetName=NetC14_2 Pin=U3-2
Removed Pin From Net: NetName=NetC15_2 Pin=U3-3
Removed Pin From Net: NetName=NetC14_1 Pin=U3-5
Removed Pin From Net: NetName=NetC16_2 Pin=U4-1
Removed Pin From Net: NetName=NetC16_2 Pin=U4-2
Removed Pin From Net: NetName=NetC17_2 Pin=U4-3
Removed Pin From Net: NetName=NetC16_1 Pin=U4-5
Removed Pin From Net: NetName=NetD8_1 Pin=U4-6
Removed Pin From Net: NetName=NetD8_1 Pin=U4-7
Removed Pin From Net: NetName=NetD7_1 Pin=U4-8
Removed Pin From Net: NetName=GND Pin=U4-10
Removed Pin From Net: NetName=NetC18_1 Pin=U4-12
Removed Member From Class: ClassName=Square VCO Member=J8
Removed Member From Class: ClassName=Square VCO Member=U3
Removed Member From Class: ClassName=Triangle VCO Member=U4
Change Component Designator: OldDesignator=J5 NewDesignator=J6
Change Component Designator: OldDesignator=J6 NewDesignator=J7
Change Component Designator: OldDesignator=J9 NewDesignator=J8
Change Component Designator: OldDesignator=J10 NewDesignator=J9
Change Component Designator: OldDesignator=J11 NewDesignator=J10
Change Component Designator: OldDesignator=P7 NewDesignator=P8
Change Component Designator: OldDesignator=P8 NewDesignator=P10
Change Component Designator: OldDesignator=P9 NewDesignator=P11
Change Component Designator: OldDesignator=P11 NewDesignator=P12
Change Component Designator: OldDesignator=P12 NewDesignator=P13
Change Component Designator: OldDesignator=P13 NewDesignator=P14
Change Component Designator: OldDesignator=P14 NewDesignator=P15
Change Component Designator: OldDesignator=R18 NewDesignator=R20
Change Component Designator: OldDesignator=R19 NewDesignator=R21
Change Component Designator: OldDesignator=R20 NewDesignator=R22
Change Component Designator: OldDesignator=R21 NewDesignator=R23
Change Component Designator: OldDesignator=R22 NewDesignator=R25
Change Component Designator: OldDesignator=R23 NewDesignator=R27
Change Component Designator: OldDesignator=R24 NewDesignator=R28
Change Component Designator: OldDesignator=R25 NewDesignator=R29
Change Component Designator: OldDesignator=R26 NewDesignator=R30
Change Component Designator: OldDesignator=R29 NewDesignator=R31
Change Component Designator: OldDesignator=R30 NewDesignator=R32
Change Component Designator: OldDesignator=R31 NewDesignator=R33
Change Component Designator: OldDesignator=R32 NewDesignator=R34
Change Component Designator: OldDesignator=R33 NewDesignator=R35
Change Component Designator: OldDesignator=R34 NewDesignator=R36
Change Component Designator: OldDesignator=R35 NewDesignator=R37
Change Component Designator: OldDesignator=R36 NewDesignator=R38
Change Component Designator: OldDesignator=R37 NewDesignator=R39
Change Component Designator: OldDesignator=R38 NewDesignator=R40
Change Component Designator: OldDesignator=R39 NewDesignator=R41
Change Component Designator: OldDesignator=R40 NewDesignator=R42
Change Component Designator: OldDesignator=R41 NewDesignator=R43
Change Component Designator: OldDesignator=R42 NewDesignator=R44
Change Component Designator: OldDesignator=R43 NewDesignator=R45
Change Component Designator: OldDesignator=R44 NewDesignator=R46
Change Component Designator: OldDesignator=R45 NewDesignator=R47
Change Component Designator: OldDesignator=R46 NewDesignator=R48
Change Component Designator: OldDesignator=R47 NewDesignator=R49
Added Component: Designator=J5(PJ301M)
Add component (AddParameter): Name = "Label"; Value = "BLEND OUT"; VariantName = "[No Variations]"
Add component (AddParameter): Name = "Manufacturer"; Value = ""; VariantName = "[No Variations]"
Add component (AddParameter): Name = "Package Type"; Value = "THT"; VariantName = "[No Variations]"
Added Component: Designator=P7(9 mm PCB Potentiometer)
Add component (AddParameter): Name = "Package Type"; Value = "THT"; VariantName = "[No Variations]"
Add component (AddParameter): Name = "Parameter"; Value = "SHAPE BLEND"; VariantName = "[No Variations]"
Add component (AddParameter): Name = "Taper"; Value = ""; VariantName = "[No Variations]"
Add component (AddParameter): Name = "Type"; Value = "Potentiometer"; VariantName = "[No Variations]"
Add component (AddParameter): Name = "Value"; Value = "B1Meg"; VariantName = "[No Variations]"
Added Component: Designator=P9(9 mm PCB Potentiometer)
Add component (AddParameter): Name = "Package Type"; Value = "THT"; VariantName = "[No Variations]"
Add component (AddParameter): Name = "Parameter"; Value = "COMPENSATION"; VariantName = "[No Variations]"
Add component (AddParameter): Name = "Taper"; Value = ""; VariantName = "[No Variations]"
Add component (AddParameter): Name = "Type"; Value = "Potentiometer"; VariantName = "[No Variations]"
Add component (AddParameter): Name = "Value"; Value = "B100k"; VariantName = "[No Variations]"
Added Component: Designator=R18(Resistor SMD 0805)
Add component (AddParameter): Name = "Package Type"; Value = "SMD"; VariantName = "[No Variations]"
Add component (AddParameter): Name = "Tolerance"; Value = ""; VariantName = "[No Variations]"
Add component (AddParameter): Name = "Value"; Value = "100k"; VariantName = "[No Variations]"
Added Component: Designator=R19(Resistor SMD 0805)
Add component (AddParameter): Name = "Package Type"; Value = "SMD"; VariantName = "[No Variations]"
Add component (AddParameter): Name = "Tolerance"; Value = ""; VariantName = "[No Variations]"
Add component (AddParameter): Name = "Value"; Value = "47k"; VariantName = "[No Variations]"
Added Component: Designator=R24(Resistor SMD 0805)
Add component (AddParameter): Name = "Package Type"; Value = "SMD"; VariantName = "[No Variations]"
Add component (AddParameter): Name = "Tolerance"; Value = ""; VariantName = "[No Variations]"
Add component (AddParameter): Name = "Value"; Value = "1k"; VariantName = "[No Variations]"
Added Component: Designator=R26(Resistor SMD 0805)
Add component (AddParameter): Name = "Package Type"; Value = "SMD"; VariantName = "[No Variations]"
Add component (AddParameter): Name = "Tolerance"; Value = ""; VariantName = "[No Variations]"
Add component (AddParameter): Name = "Value"; Value = "68k"; VariantName = "[No Variations]"
Added Pin To Net: NetName=GND Pin=J5-1
Added Pin To Net: NetName=GND Pin=R19-2
Added Pin To Net: NetName=GND Pin=R26-1
Added Pin To Net: NetName=NetC16_2 Pin=U3-1
Added Pin To Net: NetName=NetC16_2 Pin=U3-2
Added Pin To Net: NetName=NetC17_2 Pin=U3-3
Added Pin To Net: NetName=NetC16_1 Pin=U3-5
Added Pin To Net: NetName=NetD8_1 Pin=U3-6
Added Pin To Net: NetName=NetD8_1 Pin=U3-7
Added Pin To Net: NetName=NetD7_1 Pin=U3-8
Added Pin To Net: NetName=GND Pin=U3-10
Added Pin To Net: NetName=NetC18_1 Pin=U3-12
Added Pin To Net: NetName=NetC14_2 Pin=U4-1
Added Pin To Net: NetName=NetC14_2 Pin=U4-2
Added Pin To Net: NetName=NetC15_2 Pin=U4-3
Added Pin To Net: NetName=NetC14_1 Pin=U4-5
Added Pin To Net: NetName=NetC14_1 Pin=U4-10
Change Net Name : Old Net Name=NetP7_1 New Net Name=NetP8_1
Change Net Name : Old Net Name=NetP8_2 New Net Name=NetP10_2
Change Net Name : Old Net Name=NetP9_2 New Net Name=NetP11_2
Change Net Name : Old Net Name=NetP9_3 New Net Name=NetP11_3
Change Net Name : Old Net Name=NetP11_1 New Net Name=NetP12_1
Change Net Name : Old Net Name=NetP11_2 New Net Name=NetP12_2
Change Net Name : Old Net Name=NetP11_3 New Net Name=NetP12_3
Change Net Name : Old Net Name=NetP12_1 New Net Name=NetP13_1
Change Net Name : Old Net Name=NetP12_2 New Net Name=NetP13_2
Change Net Name : Old Net Name=NetP13_1 New Net Name=NetP14_1
Change Net Name : Old Net Name=NetP14_2 New Net Name=NetP15_2
Change Net Name : Old Net Name=NetP14_3 New Net Name=NetP15_3
Change Net Name : Old Net Name=NetR20_1 New Net Name=NetR22_1
Change Net Name : Old Net Name=NetR24_1 New Net Name=NetR28_1
Change Net Name : Old Net Name=NetR25_1 New Net Name=NetR29_1
Change Net Name : Old Net Name=NetR33_1 New Net Name=NetR35_1
Change Net Name : Old Net Name=NetR38_1 New Net Name=NetR40_1
Change Net Name : Old Net Name=NetR46_1 New Net Name=NetR48_1
Change Net Name : Old Net Name=NetR47_1 New Net Name=NetR49_1
Added Pin To Net: NetName=BLEND out Pin=J5-3
Added Pin To Net: NetName=BLEND out Pin=R24-2
Added Net: Name=BLEND out
Added Pin To Net: NetName=NetP7_1 Pin=P7-1
Added Pin To Net: NetName=NetP7_1 Pin=R18-2
Added Pin To Net: NetName=NetP7_1 Pin=U4-7
Added Net: Name=NetP7_1
Added Pin To Net: NetName=NetP7_2 Pin=P7-2
Added Pin To Net: NetName=NetP7_2 Pin=U2-10
Added Net: Name=NetP7_2
Added Pin To Net: NetName=NetP7_3 Pin=P7-3
Added Pin To Net: NetName=NetP7_3 Pin=U4-13
Added Pin To Net: NetName=NetP7_3 Pin=U4-14
Added Net: Name=NetP7_3
Added Pin To Net: NetName=NetP9_1 Pin=P9-1
Added Pin To Net: NetName=NetP9_1 Pin=R24-1
Added Pin To Net: NetName=NetP9_1 Pin=U2-8
Added Net: Name=NetP9_1
Added Pin To Net: NetName=NetP9_2 Pin=P9-2
Added Pin To Net: NetName=NetP9_2 Pin=R26-2
Added Pin To Net: NetName=NetP9_2 Pin=U2-9
Added Net: Name=NetP9_2
Added Pin To Net: NetName=NetR18_1 Pin=R18-1
Added Pin To Net: NetName=NetR18_1 Pin=R19-1
Added Pin To Net: NetName=NetR18_1 Pin=U4-6
Added Net: Name=NetR18_1
Added Pin To Net: NetName=NetR27_2 Pin=R27-2
Added Pin To Net: NetName=NetR27_2 Pin=R32-2
Added Pin To Net: NetName=NetR27_2 Pin=U4-9
Added Net: Name=NetR27_2
Added Pin To Net: NetName=NetR30_1 Pin=R30-1
Added Pin To Net: NetName=NetR30_1 Pin=U4-8
Added Net: Name=NetR30_1
Added Pin To Net: NetName=NetR30_2 Pin=R30-2
Added Pin To Net: NetName=NetR30_2 Pin=R31-2
Added Pin To Net: NetName=NetR30_2 Pin=U4-12
Added Net: Name=NetR30_2
Added Pin To Net: NetName=NetR38_2 Pin=R38-2
Added Pin To Net: NetName=NetR38_2 Pin=R39-1
Added Pin To Net: NetName=NetR38_2 Pin=U3-13
Added Net: Name=NetR38_2
Added Pin To Net: NetName=NetR39_2 Pin=R39-2
Added Pin To Net: NetName=NetR39_2 Pin=R44-1
Added Pin To Net: NetName=NetR39_2 Pin=U3-14
Added Net: Name=NetR39_2
Added Pin To Net: NetName=NetR41_1 Pin=R41-1
Added Pin To Net: NetName=NetR41_1 Pin=R43-2
Added Pin To Net: NetName=NetR41_1 Pin=U3-9
Added Net: Name=NetR41_1
Change Class Name : Old Net Name=Square VCO New Net Name=Blend VCO
Added Member To Class: ClassName=Blend VCO Member=Component P11 VR
Added Member To Class: ClassName=Blend VCO Member=Component R31 RES
Added Member To Class: ClassName=Blend VCO Member=Component R32 RES
Added Member To Class: ClassName=Triangle VCO Member=Component U3 TL074CDR
Added Member To Class: ClassName=Blend VCO Member=Component U4 TL074CDR
